 lane_departure_sfun

 Timestamp is 5aa693e6 (Mon Mar 12 21:51:18 2018)

 Preferred load address is 0000000180000000

 Start         Length     Name                   Class
 0001:00000000 00011cb2H .text$mn                CODE
 0001:00011cc0 0000007bH .text$x                 CODE
 0002:00000000 00000488H .idata$5                DATA
 0002:00000488 00000008H .CRT$XCA                DATA
 0002:00000490 00000008H .CRT$XCZ                DATA
 0002:00000498 00000008H .CRT$XIA                DATA
 0002:000004a0 00000008H .CRT$XIAA               DATA
 0002:000004a8 00000008H .CRT$XIC                DATA
 0002:000004b0 00000008H .CRT$XIZ                DATA
 0002:000004c0 00000170H .rdata                  DATA
 0002:00000630 00000008H .rtc$IAA                DATA
 0002:00000638 00000008H .rtc$IZZ                DATA
 0002:00000640 00000008H .rtc$TAA                DATA
 0002:00000648 00000008H .rtc$TZZ                DATA
 0002:00000650 000007fcH .xdata                  DATA
 0002:00000e50 00000059H .edata                  DATA
 0002:00000eac 00000078H .idata$2                DATA
 0002:00000f24 00000014H .idata$3                DATA
 0002:00000f38 00000488H .idata$4                DATA
 0002:000013c0 00000d42H .idata$6                DATA
 0003:00000000 00003138H .data                   DATA
 0003:00003140 000015e8H .bss                    DATA
 0004:00000000 000009ccH .pdata                  DATA

  Address         Publics by Value              Rva+Base               Lib:Object

 0000:00000000       __guard_fids_count         0000000000000000     <absolute>
 0000:00000000       ___safe_se_handler_table   0000000000000000     <absolute>
 0000:00000000       __guard_flags              0000000000000000     <absolute>
 0000:00000000       __guard_fids_table         0000000000000000     <absolute>
 0000:00000000       ___safe_se_handler_count   0000000000000000     <absolute>
 0000:00000000       __ImageBase                0000000180000000     <linker-defined>
 0001:00000000       lane_departure_initializer 0000000180001000 f   lane_departure_sfun.obj
 0001:00000010       lane_departure_terminator  0000000180001010 f   lane_departure_sfun.obj
 0001:00000020       load_lane_departure_optimization_info 0000000180001020 f   lane_departure_sfun.obj
 0001:000000d0       unload_lane_departure_optimization_info 00000001800010d0 f   lane_departure_sfun.obj
 0001:00000100       sf_lane_departure_method_dispatcher 0000000180001100 f   lane_departure_sfun.obj
 0001:00000150       sf_lane_departure_process_testpoint_info_call 0000000180001150 f   lane_departure_sfun.obj
 0001:00000340       sf_lane_departure_process_check_sum_call 0000000180001340 f   lane_departure_sfun.obj
 0001:00000830       sf_lane_departure_autoinheritance_info 0000000180001830 f   lane_departure_sfun.obj
 0001:00000a10       sf_lane_departure_get_eml_resolved_functions_info 0000000180001a10 f   lane_departure_sfun.obj
 0001:00000b90       sf_lane_departure_third_party_uses_info 0000000180001b90 f   lane_departure_sfun.obj
 0001:00000d60       sf_lane_departure_jit_fallback_info 0000000180001d60 f   lane_departure_sfun.obj
 0001:00000f30       sf_lane_departure_updateBuildInfo_args_info 0000000180001f30 f   lane_departure_sfun.obj
 0001:00001100       lane_departure_debug_initialize 0000000180002100 f   lane_departure_sfun.obj
 0001:00001180       lane_departure_register_exported_symbols 0000000180002180 f   lane_departure_sfun.obj
 0001:00001190       sf_c4_lane_departure_get_eml_resolved_functions_info 0000000180002190 f   c4_lane_departure.obj
 0001:00001210       sf_c4_lane_departure_get_check_sum 0000000180002210 f   c4_lane_departure.obj
 0001:000012e0       c4_lane_departure_method_dispatcher 00000001800022e0 f   c4_lane_departure.obj
 0001:000068f0       sf_c4_lane_departure_get_post_codegen_info 00000001800078f0 f   c4_lane_departure.obj
 0001:000069c0       sf_c4_lane_departure_get_autoinheritance_info 00000001800079c0 f   c4_lane_departure.obj
 0001:00006ca0       sf_c4_lane_departure_third_party_uses_info 0000000180007ca0 f   c4_lane_departure.obj
 0001:00006cd0       sf_c4_lane_departure_jit_fallback_info 0000000180007cd0 f   c4_lane_departure.obj
 0001:00006e60       sf_c4_lane_departure_updateBuildInfo_args_info 0000000180007e60 f   c4_lane_departure.obj
 0001:00007380       sf_c4_lane_departure_get_testpoint_info 0000000180008380 f   c4_lane_departure.obj
 0001:00007c10       mexFunction                0000000180008c10 f   lane_departure_sfun_registry.obj
 0001:0000a1f0       _ssSetInputPortDirectFeedThroughFcn 000000018000b1f0 f   lane_departure_sfun_registry.obj
 0001:0000a360       _ssGetInputPortSignalPtrsFcn 000000018000b360 f   lane_departure_sfun_registry.obj
 0001:0000a6f0       _ssGetInputPortSignalFcn   000000018000b6f0 f   lane_departure_sfun_registry.obj
 0001:0000aa80       _ssSetInputPortReusableFcn 000000018000ba80 f   lane_departure_sfun_registry.obj
 0001:0000ab80       _ssSetOutputPortReusableFcn 000000018000bb80 f   lane_departure_sfun_registry.obj
 0001:0000ac80       _ssSetSymbolicDimsSupport  000000018000bc80 f   lane_departure_sfun_registry.obj
 0001:0000acf0       _ssRegisterSymbolicDimsExpr 000000018000bcf0 f   lane_departure_sfun_registry.obj
 0001:0000ad70       _ssRegisterSymbolicDims    000000018000bd70 f   lane_departure_sfun_registry.obj
 0001:0000ae10       _ssRegisterSymbolicDimsString 000000018000be10 f   lane_departure_sfun_registry.obj
 0001:0000ae90       _ssRegisterSymbolicDimsIntValue 000000018000be90 f   lane_departure_sfun_registry.obj
 0001:0000af00       _ssRegisterSymbolicDimsPlus 000000018000bf00 f   lane_departure_sfun_registry.obj
 0001:0000af80       _ssRegisterSymbolicDimsMinus 000000018000bf80 f   lane_departure_sfun_registry.obj
 0001:0000b000       _ssRegisterSymbolicDimsMultiply 000000018000c000 f   lane_departure_sfun_registry.obj
 0001:0000b080       _ssRegisterSymbolicDimsDivide 000000018000c080 f   lane_departure_sfun_registry.obj
 0001:0000b100       _ssGetNumSymbolicDims      000000018000c100 f   lane_departure_sfun_registry.obj
 0001:0000b170       _ssGetSymbolicDim          000000018000c170 f   lane_departure_sfun_registry.obj
 0001:0000b1f0       _ssSetInputPortSymbolicDimsId 000000018000c1f0 f   lane_departure_sfun_registry.obj
 0001:0000b260       _ssGetCompInputPortSymbolicDimsId 000000018000c260 f   lane_departure_sfun_registry.obj
 0001:0000b2d0       _ssSetCompInputPortSymbolicDimsId 000000018000c2d0 f   lane_departure_sfun_registry.obj
 0001:0000b340       _ssSetOutputPortSymbolicDimsId 000000018000c340 f   lane_departure_sfun_registry.obj
 0001:0000b3b0       _ssGetCompOutputPortSymbolicDimsId 000000018000c3b0 f   lane_departure_sfun_registry.obj
 0001:0000b420       _ssSetCompOutputPortSymbolicDimsId 000000018000c420 f   lane_departure_sfun_registry.obj
 0001:0000b490       _ssSetCompDWorkSymbolicDimsId 000000018000c490 f   lane_departure_sfun_registry.obj
 0001:0000b500       ssGetIsZeroCrossControlDisabled 000000018000c500 f   lane_departure_sfun_registry.obj
 0001:0000b570       ssSetIsInputPortUsedForContZcSignal 000000018000c570 f   lane_departure_sfun_registry.obj
 0001:0000b5e0       ssSetZcSignalIsZcElementDisc 000000018000c5e0 f   lane_departure_sfun_registry.obj
 0001:0000b690       ssSetZcSignalName          000000018000c690 f   lane_departure_sfun_registry.obj
 0001:0000b700       ssSetZcSignalWidth         000000018000c700 f   lane_departure_sfun_registry.obj
 0001:0000b770       ssSetZcSignalZcEventType   000000018000c770 f   lane_departure_sfun_registry.obj
 0001:0000b7e0       ssSetZcSignalType          000000018000c7e0 f   lane_departure_sfun_registry.obj
 0001:0000b850       ssSetZcSignalZcTol         000000018000c850 f   lane_departure_sfun_registry.obj
 0001:0000b8c0       ssSetZcSignalNeedsEventNotification 000000018000c8c0 f   lane_departure_sfun_registry.obj
 0001:0000b930       ssCreateAndAddZcSignalInfo 000000018000c930 f   lane_departure_sfun_registry.obj
 0001:0000b9a0       ssCloneAndAddZcSignalInfo  000000018000c9a0 f   lane_departure_sfun_registry.obj
 0001:0000ba10       ssGetNumZcSignals          000000018000ca10 f   lane_departure_sfun_registry.obj
 0001:0000ba80       ssGetZcSignalVector        000000018000ca80 f   lane_departure_sfun_registry.obj
 0001:0000baf0       ssGetZcSignalName          000000018000caf0 f   lane_departure_sfun_registry.obj
 0001:0000bb60       ssGetZcSignalWidth         000000018000cb60 f   lane_departure_sfun_registry.obj
 0001:0000bbd0       ssGetZcSignalZcEventType   000000018000cbd0 f   lane_departure_sfun_registry.obj
 0001:0000bc40       ssGetZcSignalZcEvents      000000018000cc40 f   lane_departure_sfun_registry.obj
 0001:0000bcb0       ssGetZcSignalType          000000018000ccb0 f   lane_departure_sfun_registry.obj
 0001:0000bd20       ssGetZcSignalZcTol         000000018000cd20 f   lane_departure_sfun_registry.obj
 0001:0000bda0       ssGetZcSignalNeedsEventNotification 000000018000cda0 f   lane_departure_sfun_registry.obj
 0001:0000be10       ssGetZcSignalIsZcElementDisc 000000018000ce10 f   lane_departure_sfun_registry.obj
 0001:0000beb0       ssGetIsInputPortElementContinuous 000000018000ceb0 f   lane_departure_sfun_registry.obj
 0001:0000bf50       _ssSetIWorkValueFcn        000000018000cf50 f   lane_departure_sfun_registry.obj
 0001:0000bfd0       _ssGetIWorkValueFcn        000000018000cfd0 f   lane_departure_sfun_registry.obj
 0001:0000c040       _ssSetRWorkValueFcn        000000018000d040 f   lane_departure_sfun_registry.obj
 0001:0000c0c0       _ssGetRWorkValueFcn        000000018000d0c0 f   lane_departure_sfun_registry.obj
 0001:0000c130       _ssSetPWorkValueFcn        000000018000d130 f   lane_departure_sfun_registry.obj
 0001:0000c1b0       _ssGetPWorkValueFcn        000000018000d1b0 f   lane_departure_sfun_registry.obj
 0001:0000c220       ssGetDTypeIdFromMxArray    000000018000d220 f   lane_departure_sfun_registry.obj
 0001:0000c340       ssWriteRTWStr              000000018000d340 f   lane_departure_sfun_registry.obj
 0001:0000c3a0       ssWriteRTWNameValuePair    000000018000d3a0 f   lane_departure_sfun_registry.obj
 0001:0000c8a0       ssWriteRTWParamSettings    000000018000d8a0 f   lane_departure_sfun_registry.obj
 0001:0000cf90       ssWriteRTWParameters       000000018000df90 f   lane_departure_sfun_registry.obj
 0001:0000d560       ssWriteRTWWorkVect         000000018000e560 f   lane_departure_sfun_registry.obj
 0001:0000dac0       ssWriteRTWMxVectParam      000000018000eac0 f   lane_departure_sfun_registry.obj
 0001:0000db40       ssWriteRTWMx2dMatParam     000000018000eb40 f   lane_departure_sfun_registry.obj
 0001:0000dbd0       _ssSetInputPortMatrixDimensions 000000018000ebd0 f   lane_departure_sfun_registry.obj
 0001:0000dcf0       _ssSetOutputPortMatrixDimensions 000000018000ecf0 f   lane_departure_sfun_registry.obj
 0001:0000de10       _ssSetInputPortVectorDimension 000000018000ee10 f   lane_departure_sfun_registry.obj
 0001:0000dec0       _ssSetOutputPortVectorDimension 000000018000eec0 f   lane_departure_sfun_registry.obj
 0001:0000df70       ssIsRunTimeParamTunable    000000018000ef70 f   lane_departure_sfun_registry.obj
 0001:0000dfe0       ssGetSFuncBlockHandle      000000018000efe0 f   lane_departure_sfun_registry.obj
 0001:0000e050       _ssGetCurrentInputPortWidth 000000018000f050 f   lane_departure_sfun_registry.obj
 0001:0000e170       _ssGetCurrentOutputPortWidth 000000018000f170 f   lane_departure_sfun_registry.obj
 0001:0000e290       _ssGetCallSystemNumFcnCallDestinations 000000018000f290 f   lane_departure_sfun_registry.obj
 0001:0000e300       ssGetParameterTuningCompliance 000000018000f300 f   lane_departure_sfun_registry.obj
 0001:0000e370       ssWarning                  000000018000f370 f   lane_departure_sfun_registry.obj
 0001:0000e460       _ssGetAbsTol               000000018000f460 f   lane_departure_sfun_registry.obj
 0001:0000e4d0       _ssSetStateAbsTol          000000018000f4d0 f   lane_departure_sfun_registry.obj
 0001:0000e5b0       sf_process_check_sum_call  000000018000f5b0 f   lane_departure_sfun_registry.obj
 0001:0000e600       sf_process_testpoint_info_call 000000018000f600 f   lane_departure_sfun_registry.obj
 0001:0000e650       sf_process_autoinheritance_call 000000018000f650 f   lane_departure_sfun_registry.obj
 0001:0000e880       sf_process_get_third_party_uses_info_call 000000018000f880 f   lane_departure_sfun_registry.obj
 0001:0000eab0       sf_process_get_jit_fallback_info_call 000000018000fab0 f   lane_departure_sfun_registry.obj
 0001:0000ece0       sf_process_get_updateBuildInfo_args_info_call 000000018000fce0 f   lane_departure_sfun_registry.obj
 0001:0000ef10       sf_process_get_eml_resolved_functions_info_call 000000018000ff10 f   lane_departure_sfun_registry.obj
 0001:0000f110       sf_mex_unlock_call         0000000180010110 f   lane_departure_sfun_registry.obj
 0001:0000f3d0       sf_machine_global_initializer_called 00000001800103d0 f   lane_departure_sfun_registry.obj
 0001:0000f400       sf_machine_global_method_dispatcher 0000000180010400 f   lane_departure_sfun_registry.obj
 0001:0000f460       sf_machine_global_terminator 0000000180010460 f   lane_departure_sfun_registry.obj
 0001:0000f4b0       sf_register_machine_exported_symbols 00000001800104b0 f   lane_departure_sfun_registry.obj
 0001:0000f4d0       callCustomFcn              00000001800104d0 f   lane_departure_sfun_registry.obj
 0001:0000f4e0       sf_machine_global_initializer 00000001800104e0 f   lane_departure_sfun_registry.obj
 0001:0000f560       mdlGetSimState             0000000180010560 f   lane_departure_sfun_registry.obj
 0001:0000f5a0       mdlSetSimState             00000001800105a0 f   lane_departure_sfun_registry.obj
 0001:0000fe10       ProcessMexSfunctionEveryCall 0000000180010e10 f   lane_departure_sfun_registry.obj
 0001:00010e7c       sf_load_rtw_optimization_info 0000000180011e7c f   sf_runtime:sf_runtime.dll
 0001:00010e82       sf_debug_initialize_machine 0000000180011e82 f   sf_runtime:sf_runtime.dll
 0001:00010e88       sf_debug_set_machine_event_thresholds 0000000180011e88 f   sf_runtime:sf_runtime.dll
 0001:00010e8e       sf_debug_set_machine_data_thresholds 0000000180011e8e f   sf_runtime:sf_runtime.dll
 0001:00010e94       sf_init_ChartRunTimeInfo   0000000180011e94 f   sf_runtime:sf_runtime.dll
 0001:00010e9a       sf_free_ChartRunTimeInfo   0000000180011e9a f   sf_runtime:sf_runtime.dll
 0001:00010ea0       sfrtGetEmlrtCtx            0000000180011ea0 f   sf_runtime:sf_runtime.dll
 0001:00010ea6       sf_get_chart_instance_ptr  0000000180011ea6 f   sf_runtime:sf_runtime.dll
 0001:00010eac       sf_rtw_info_uint_prop      0000000180011eac f   sf_runtime:sf_runtime.dll
 0001:00010eb2       sf_update_buildInfo        0000000180011eb2 f   sf_runtime:sf_runtime.dll
 0001:00010eb8       sf_is_chart_inlinable      0000000180011eb8 f   sf_runtime:sf_runtime.dll
 0001:00010ebe       sim_mode_is_rtw_gen        0000000180011ebe f   sf_runtime:sf_runtime.dll
 0001:00010ec4       sim_mode_is_external       0000000180011ec4 f   sf_runtime:sf_runtime.dll
 0001:00010eca       sim_mode_is_modelref_sim   0000000180011eca f   sf_runtime:sf_runtime.dll
 0001:00010ed0       sf_clear_rtw_identifier    0000000180011ed0 f   sf_runtime:sf_runtime.dll
 0001:00010ed6       sf_set_rtw_dwork_info      0000000180011ed6 f   sf_runtime:sf_runtime.dll
 0001:00010edc       sf_get_dwork_info_from_mat_file 0000000180011edc f   sf_runtime:sf_runtime.dll
 0001:00010ee2       sf_set_encoded_dwork_info  0000000180011ee2 f   sf_runtime:sf_runtime.dll
 0001:00010ee8       sf_get_time                0000000180011ee8 f   sf_runtime:sf_runtime.dll
 0001:00010eee       sf_is_first_init_cond      0000000180011eee f   sf_runtime:sf_runtime.dll
 0001:00010ef4       sf_set_chart_accesses_machine_info 0000000180011ef4 f   sf_runtime:sf_runtime.dll
 0001:00010efa       sf_register_codegen_names_for_scoped_functions_defined_by_chart 0000000180011efa f   sf_runtime:sf_runtime.dll
 0001:00010f00       sf_mex_error_message       0000000180011f00 f   sf_runtime:sf_runtime.dll
 0001:00010f06       sf_mex_create              0000000180011f06 f   sf_runtime:sf_runtime.dll
 0001:00010f0c       sf_mex_createcellmatrix    0000000180011f0c f   sf_runtime:sf_runtime.dll
 0001:00010f12       sf_mex_setcell             0000000180011f12 f   sf_runtime:sf_runtime.dll
 0001:00010f18       sf_mex_getcell             0000000180011f18 f   sf_runtime:sf_runtime.dll
 0001:00010f1e       sf_mex_assign              0000000180011f1e f   sf_runtime:sf_runtime.dll
 0001:00010f24       sf_mex_dup                 0000000180011f24 f   sf_runtime:sf_runtime.dll
 0001:00010f2a       sf_mex_destroy             0000000180011f2a f   sf_runtime:sf_runtime.dll
 0001:00010f30       sf_mex_import              0000000180011f30 f   sf_runtime:sf_runtime.dll
 0001:00010f36       sf_mex_decode_encoded_mx_struct_array 0000000180011f36 f   sf_runtime:sf_runtime.dll
 0001:00010f3c       sf_mex_duplicatearraysafe  0000000180011f3c f   sf_runtime:sf_runtime.dll
 0001:00010f42       ssGetDWork_wrapper         0000000180011f42 f   sf_runtime:sf_runtime.dll
 0001:00010f48       sf_debug_initialize_chart  0000000180011f48 f   sf_runtime:sf_runtime.dll
 0001:00010f4e       sf_debug_call              0000000180011f4e f   sf_runtime:sf_runtime.dll
 0001:00010f54       cv_eval_point              0000000180011f54 f   sf_runtime:sf_runtime.dll
 0001:00010f5a       cv_eml_eval                0000000180011f5a f   sf_runtime:sf_runtime.dll
 0001:00010f60       cv_eval_relational         0000000180011f60 f   sf_runtime:sf_runtime.dll
 0001:00010f66       cv_eml_init_script         0000000180011f66 f   sf_runtime:sf_runtime.dll
 0001:00010f6c       cv_eml_init_if             0000000180011f6c f   sf_runtime:sf_runtime.dll
 0001:00010f72       cv_eml_init_relational     0000000180011f72 f   sf_runtime:sf_runtime.dll
 0001:00010f78       sf_debug_reset_current_state_configuration 0000000180011f78 f   sf_runtime:sf_runtime.dll
 0001:00010f7e       sf_debug_check_for_state_inconsistency 0000000180011f7e f   sf_runtime:sf_runtime.dll
 0001:00010f84       sf_debug_set_honor_breakpoints 0000000180011f84 f   sf_runtime:sf_runtime.dll
 0001:00010f8a       sf_debug_get_animation     0000000180011f8a f   sf_runtime:sf_runtime.dll
 0001:00010f90       sf_debug_set_animation     0000000180011f90 f   sf_runtime:sf_runtime.dll
 0001:00010f96       sf_debug_animate           0000000180011f96 f   sf_runtime:sf_runtime.dll
 0001:00010f9c       sf_debug_set_chart_data_props 0000000180011f9c f   sf_runtime:sf_runtime.dll
 0001:00010fa2       sf_debug_set_chart_data_compiled_props 0000000180011fa2 f   sf_runtime:sf_runtime.dll
 0001:00010fa8       sf_debug_symbol_scope_push 0000000180011fa8 f   sf_runtime:sf_runtime.dll
 0001:00010fae       sf_debug_symbol_scope_push_eml 0000000180011fae f   sf_runtime:sf_runtime.dll
 0001:00010fb4       sf_debug_symbol_scope_pop  0000000180011fb4 f   sf_runtime:sf_runtime.dll
 0001:00010fba       sf_debug_symbol_scope_add_eml_importable 0000000180011fba f   sf_runtime:sf_runtime.dll
 0001:00010fc0       sf_debug_set_instance_data_value_ptr 0000000180011fc0 f   sf_runtime:sf_runtime.dll
 0001:00010fc6       sf_debug_set_chart_disable_implicit_casting 0000000180011fc6 f   sf_runtime:sf_runtime.dll
 0001:00010fcc       sf_debug_set_chart_event_thresholds 0000000180011fcc f   sf_runtime:sf_runtime.dll
 0001:00010fd2       sf_debug_set_chart_state_info 0000000180011fd2 f   sf_runtime:sf_runtime.dll
 0001:00010fd8       sf_debug_set_chart_decomposition 0000000180011fd8 f   sf_runtime:sf_runtime.dll
 0001:00010fde       sf_debug_set_chart_substate_count 0000000180011fde f   sf_runtime:sf_runtime.dll
 0001:00010fe4       sf_debug_set_chart_substate_index 0000000180011fe4 f   sf_runtime:sf_runtime.dll
 0001:00010fea       sf_debug_set_chart_state_substate_count 0000000180011fea f   sf_runtime:sf_runtime.dll
 0001:00010ff0       sf_debug_read_before_write_error 0000000180011ff0 f   sf_runtime:sf_runtime.dll
 0001:00010ff6       sf_debug_data_range_wrapper 0000000180011ff6 f   sf_runtime:sf_runtime.dll
 0001:00010ffc       sf_debug_cv_init_trans     0000000180011ffc f   sf_runtime:sf_runtime.dll
 0001:00011002       sf_debug_cv_init_chart     0000000180012002 f   sf_runtime:sf_runtime.dll
 0001:00011008       sf_debug_cv_init_state     0000000180012008 f   sf_runtime:sf_runtime.dll
 0001:0001100e       sf_get_ChartInfoStruct_CodeGen 000000018001200e f   sf_runtime:sf_runtime.dll
 0001:00011014       sf_get_hasSeparateUpdateOutputs 0000000180012014 f   sf_runtime:sf_runtime.dll
 0001:0001101a       callMdlMethodAndReportError 000000018001201a f   sf_runtime:sf_runtime.dll
 0001:00011020       call_sf_machine_global_method_dispatcher 0000000180012020 f   sf_runtime:sf_runtime.dll
 0001:00011026       getRuntimeInstanceInfoAsVoid 0000000180012026 f   sf_runtime:sf_runtime.dll
 0001:0001102c       sf_mex_error_direct_call   000000018001202c f   sf_runtime:sf_runtime.dll
 0001:00011032       sf_clear_error_manager_info 0000000180012032 f   sf_runtime:sf_runtime.dll
 0001:00011038       sf_debug_create_debug_instance_struct 0000000180012038 f   sf_runtime:sf_runtime.dll
 0001:0001103e       sf_debug_terminate         000000018001203e f   sf_runtime:sf_runtime.dll
 0001:00011044       sf_debug_api               0000000180012044 f   sf_runtime:sf_runtime.dll
 0001:0001104a       mxIsChar                   000000018001204a f   libmx:libmx.dll
 0001:00011050       mxGetPr                    0000000180012050 f   libmx:libmx.dll
 0001:00011056       mxGetScalar                0000000180012056 f   libmx:libmx.dll
 0001:0001105c       mxDestroyArray             000000018001205c f   libmx:libmx.dll
 0001:00011062       mxCreateDoubleMatrix_730   0000000180012062 f   libmx:libmx.dll
 0001:00011068       mxGetString_730            0000000180012068 f   libmx:libmx.dll
 0001:0001106e       mxDuplicateArray           000000018001206e f   libmx:libmx.dll
 0001:00011074       mxSetField_730             0000000180012074 f   libmx:libmx.dll
 0001:0001107a       mxCreateDoubleScalar       000000018001207a f   libmx:libmx.dll
 0001:00011080       mxCreateString             0000000180012080 f   libmx:libmx.dll
 0001:00011086       mxCreateCellMatrix_730     0000000180012086 f   libmx:libmx.dll
 0001:0001108c       mxCreateCellArray_730      000000018001208c f   libmx:libmx.dll
 0001:00011092       mxCreateStructMatrix_730   0000000180012092 f   libmx:libmx.dll
 0001:00011098       mxCreateStructArray_730    0000000180012098 f   libmx:libmx.dll
 0001:0001109e       mxCalloc                   000000018001209e f   libmx:libmx.dll
 0001:000110a4       mxGetM                     00000001800120a4 f   libmx:libmx.dll
 0001:000110aa       mxGetClassID               00000001800120aa f   libmx:libmx.dll
 0001:000110b0       mxIsNumeric                00000001800120b0 f   libmx:libmx.dll
 0001:000110b6       mxIsComplex                00000001800120b6 f   libmx:libmx.dll
 0001:000110bc       mxGetN                     00000001800120bc f   libmx:libmx.dll
 0001:000110c2       mexMakeArrayPersistent     00000001800120c2 f   libmex:libmex.dll
 0001:000110c8       mexErrMsgTxt               00000001800120c8 f   libmex:libmex.dll
 0001:000110ce       mexWarnMsgTxt              00000001800120ce f   libmex:libmex.dll
 0001:000110d4       mexCallMATLABWithObject    00000001800120d4 f   libmex:libmex.dll
 0001:000110da       mexLock                    00000001800120da f   libmex:libmex.dll
 0001:000110e0       mexUnlock                  00000001800120e0 f   libmex:libmex.dll
 0001:000110e6       mexIsLocked                00000001800120e6 f   libmex:libmex.dll
 0001:000110ec       utMalloc                   00000001800120ec f   libut:libut.dll
 0001:000110f2       utFree                     00000001800120f2 f   libut:libut.dll
 0001:000110f8       __raise_securityfailure    00000001800120f8 f   MSVCRT:gs_report.obj
 0001:00011144       __report_gsfailure         0000000180012144 f   MSVCRT:gs_report.obj
 0001:00011218       __report_rangecheckfailure 0000000180012218 f   MSVCRT:gs_report.obj
 0001:0001122c       __report_securityfailure   000000018001222c f   MSVCRT:gs_report.obj
 0001:000112c8       __report_securityfailureEx 00000001800122c8 f   MSVCRT:gs_report.obj
 0001:000113d6       strcmp                     00000001800123d6 f   MSVCRT:MSVCR120.dll
 0001:000113dc       __GSHandlerCheck           00000001800123dc f   MSVCRT:gshandler.obj
 0001:000113fc       __GSHandlerCheckCommon     00000001800123fc f   MSVCRT:gshandler.obj
 0001:00011470       __security_check_cookie    0000000180012470 f   MSVCRT:amdsecgs.obj
 0001:00011490       memset                     0000000180012490 f   MSVCRT:MSVCR120.dll
 0001:00011496       free                       0000000180012496 f   MSVCRT:MSVCR120.dll
 0001:0001149c       malloc                     000000018001249c f   MSVCRT:MSVCR120.dll
 0001:000114a2       sprintf                    00000001800124a2 f   MSVCRT:MSVCR120.dll
 0001:000114a8       memcpy                     00000001800124a8 f   MSVCRT:MSVCR120.dll
 0001:000114ae       strlen                     00000001800124ae f   MSVCRT:MSVCR120.dll
 0001:00011514       NtCurrentTeb               0000000180012514 f i MSVCRT:crtdll.obj
 0001:00011520       _CRT_INIT                  0000000180012520 f   MSVCRT:crtdll.obj
 0001:0001176c       _DllMainCRTStartup         000000018001276c f   MSVCRT:crtdll.obj
 0001:000118e2       __crt_debugger_hook        00000001800128e2 f   MSVCRT:MSVCR120.dll
 0001:000118e8       __crtUnhandledException    00000001800128e8 f   MSVCRT:MSVCR120.dll
 0001:000118ee       __crtTerminateProcess      00000001800128ee f   MSVCRT:MSVCR120.dll
 0001:000118f4       __crtCaptureCurrentContext 00000001800128f4 f   MSVCRT:MSVCR120.dll
 0001:000118fa       __crtCapturePreviousContext 00000001800128fa f   MSVCRT:MSVCR120.dll
 0001:00011900       __CppXcptFilter            0000000180012900 f   MSVCRT:MSVCR120.dll
 0001:00011906       _amsg_exit                 0000000180012906 f   MSVCRT:MSVCR120.dll
 0001:00011910       _FindPESection             0000000180012910 f   MSVCRT:pesect.obj
 0001:00011960       _IsNonwritableInCurrentImage 0000000180012960 f   MSVCRT:pesect.obj
 0001:000119b0       _ValidateImageBase         00000001800129b0 f   MSVCRT:pesect.obj
 0001:000119e0       __atonexitinit             00000001800129e0 f   MSVCRT:atonexit.obj
 0001:00011a30       _onexit                    0000000180012a30 f   MSVCRT:atonexit.obj
 0001:00011ae0       atexit                     0000000180012ae0 f   MSVCRT:atonexit.obj
 0001:00011af8       __security_init_cookie     0000000180012af8 f   MSVCRT:gs_support.obj
 0001:00011ba4       DllMain                    0000000180012ba4 f   MSVCRT:dllmain.obj
 0001:00011bc8       _malloc_crt                0000000180012bc8 f   MSVCRT:MSVCR120.dll
 0001:00011bd0       _RTC_Initialize            0000000180012bd0 f   MSVCRT:initsect.obj
 0001:00011c08       _RTC_Terminate             0000000180012c08 f   MSVCRT:initsect.obj
 0001:00011c40       _initterm                  0000000180012c40 f   MSVCRT:MSVCR120.dll
 0001:00011c46       _initterm_e                0000000180012c46 f   MSVCRT:MSVCR120.dll
 0001:00011c4c       __clean_type_info_names    0000000180012c4c f   MSVCRT:tncleanup.obj
 0001:00011c58       __C_specific_handler       0000000180012c58 f   MSVCRT:MSVCR120.dll
 0001:00011c5e       _lock                      0000000180012c5e f   MSVCRT:MSVCR120.dll
 0001:00011c64       _unlock                    0000000180012c64 f   MSVCRT:MSVCR120.dll
 0001:00011c6a       _calloc_crt                0000000180012c6a f   MSVCRT:MSVCR120.dll
 0001:00011c70       __dllonexit                0000000180012c70 f   MSVCRT:MSVCR120.dll
 0001:00011c76       __clean_type_info_names_internal 0000000180012c76 f   MSVCRT:MSVCR120.dll
 0001:00011c7c       IsDebuggerPresent          0000000180012c7c f   kernel32:KERNEL32.dll
 0001:00011c82       IsProcessorFeaturePresent  0000000180012c82 f   kernel32:KERNEL32.dll
 0001:00011c88       EncodePointer              0000000180012c88 f   kernel32:KERNEL32.dll
 0001:00011c8e       DecodePointer              0000000180012c8e f   kernel32:KERNEL32.dll
 0001:00011c94       QueryPerformanceCounter    0000000180012c94 f   kernel32:KERNEL32.dll
 0001:00011c9a       GetCurrentProcessId        0000000180012c9a f   kernel32:KERNEL32.dll
 0001:00011ca0       GetCurrentThreadId         0000000180012ca0 f   kernel32:KERNEL32.dll
 0001:00011ca6       GetSystemTimeAsFileTime    0000000180012ca6 f   kernel32:KERNEL32.dll
 0001:00011cac       DisableThreadLibraryCalls  0000000180012cac f   kernel32:KERNEL32.dll
 0002:00000000       __imp_GetSystemTimeAsFileTime 0000000180013000     kernel32:KERNEL32.dll
 0002:00000008       __imp_GetCurrentThreadId   0000000180013008     kernel32:KERNEL32.dll
 0002:00000010       __imp_GetCurrentProcessId  0000000180013010     kernel32:KERNEL32.dll
 0002:00000018       __imp_QueryPerformanceCounter 0000000180013018     kernel32:KERNEL32.dll
 0002:00000020       __imp_DecodePointer        0000000180013020     kernel32:KERNEL32.dll
 0002:00000028       __imp_EncodePointer        0000000180013028     kernel32:KERNEL32.dll
 0002:00000030       __imp_IsProcessorFeaturePresent 0000000180013030     kernel32:KERNEL32.dll
 0002:00000038       __imp_IsDebuggerPresent    0000000180013038     kernel32:KERNEL32.dll
 0002:00000040       __imp_DisableThreadLibraryCalls 0000000180013040     kernel32:KERNEL32.dll
 0002:00000048       \177KERNEL32_NULL_THUNK_DATA 0000000180013048     kernel32:KERNEL32.dll
 0002:00000050       __imp___clean_type_info_names_internal 0000000180013050     MSVCRT:MSVCR120.dll
 0002:00000058       __imp___dllonexit          0000000180013058     MSVCRT:MSVCR120.dll
 0002:00000060       __imp__calloc_crt          0000000180013060     MSVCRT:MSVCR120.dll
 0002:00000068       __imp__unlock              0000000180013068     MSVCRT:MSVCR120.dll
 0002:00000070       __imp__lock                0000000180013070     MSVCRT:MSVCR120.dll
 0002:00000078       __imp___C_specific_handler 0000000180013078     MSVCRT:MSVCR120.dll
 0002:00000080       __imp__initterm_e          0000000180013080     MSVCRT:MSVCR120.dll
 0002:00000088       __imp__initterm            0000000180013088     MSVCRT:MSVCR120.dll
 0002:00000090       __imp__malloc_crt          0000000180013090     MSVCRT:MSVCR120.dll
 0002:00000098       __imp__amsg_exit           0000000180013098     MSVCRT:MSVCR120.dll
 0002:000000a0       __imp___CppXcptFilter      00000001800130a0     MSVCRT:MSVCR120.dll
 0002:000000a8       __imp___crtCapturePreviousContext 00000001800130a8     MSVCRT:MSVCR120.dll
 0002:000000b0       __imp___crtCaptureCurrentContext 00000001800130b0     MSVCRT:MSVCR120.dll
 0002:000000b8       __imp___crtTerminateProcess 00000001800130b8     MSVCRT:MSVCR120.dll
 0002:000000c0       __imp___crtUnhandledException 00000001800130c0     MSVCRT:MSVCR120.dll
 0002:000000c8       __imp___crt_debugger_hook  00000001800130c8     MSVCRT:MSVCR120.dll
 0002:000000d0       __imp_strlen               00000001800130d0     MSVCRT:MSVCR120.dll
 0002:000000d8       __imp_memcpy               00000001800130d8     MSVCRT:MSVCR120.dll
 0002:000000e0       __imp_sprintf              00000001800130e0     MSVCRT:MSVCR120.dll
 0002:000000e8       __imp_malloc               00000001800130e8     MSVCRT:MSVCR120.dll
 0002:000000f0       __imp_free                 00000001800130f0     MSVCRT:MSVCR120.dll
 0002:000000f8       __imp_memset               00000001800130f8     MSVCRT:MSVCR120.dll
 0002:00000100       __imp_strcmp               0000000180013100     MSVCRT:MSVCR120.dll
 0002:00000108       __imp__onexit              0000000180013108     MSVCRT:MSVCR120.dll
 0002:00000110       \177MSVCR120_NULL_THUNK_DATA 0000000180013110     MSVCRT:MSVCR120.dll
 0002:00000118       __imp_mexUnlock            0000000180013118     libmex:libmex.dll
 0002:00000120       __imp_mexErrMsgTxt         0000000180013120     libmex:libmex.dll
 0002:00000128       __imp_mexWarnMsgTxt        0000000180013128     libmex:libmex.dll
 0002:00000130       __imp_mexIsLocked          0000000180013130     libmex:libmex.dll
 0002:00000138       __imp_mexMakeArrayPersistent 0000000180013138     libmex:libmex.dll
 0002:00000140       __imp_mexLock              0000000180013140     libmex:libmex.dll
 0002:00000148       __imp_mexCallMATLABWithObject 0000000180013148     libmex:libmex.dll
 0002:00000150       \177libmex_NULL_THUNK_DATA 0000000180013150     libmex:libmex.dll
 0002:00000158       __imp_mxGetPr              0000000180013158     libmx:libmx.dll
 0002:00000160       __imp_mxDuplicateArray     0000000180013160     libmx:libmx.dll
 0002:00000168       __imp_mxGetScalar          0000000180013168     libmx:libmx.dll
 0002:00000170       __imp_mxGetN               0000000180013170     libmx:libmx.dll
 0002:00000178       __imp_mxIsComplex          0000000180013178     libmx:libmx.dll
 0002:00000180       __imp_mxIsNumeric          0000000180013180     libmx:libmx.dll
 0002:00000188       __imp_mxGetClassID         0000000180013188     libmx:libmx.dll
 0002:00000190       __imp_mxGetM               0000000180013190     libmx:libmx.dll
 0002:00000198       __imp_mxCalloc             0000000180013198     libmx:libmx.dll
 0002:000001a0       __imp_mxCreateStructArray_730 00000001800131a0     libmx:libmx.dll
 0002:000001a8       __imp_mxCreateStructMatrix_730 00000001800131a8     libmx:libmx.dll
 0002:000001b0       __imp_mxCreateCellArray_730 00000001800131b0     libmx:libmx.dll
 0002:000001b8       __imp_mxCreateCellMatrix_730 00000001800131b8     libmx:libmx.dll
 0002:000001c0       __imp_mxCreateString       00000001800131c0     libmx:libmx.dll
 0002:000001c8       __imp_mxCreateDoubleScalar 00000001800131c8     libmx:libmx.dll
 0002:000001d0       __imp_mxSetField_730       00000001800131d0     libmx:libmx.dll
 0002:000001d8       __imp_mxGetString_730      00000001800131d8     libmx:libmx.dll
 0002:000001e0       __imp_mxCreateDoubleMatrix_730 00000001800131e0     libmx:libmx.dll
 0002:000001e8       __imp_mxDestroyArray       00000001800131e8     libmx:libmx.dll
 0002:000001f0       __imp_mxIsChar             00000001800131f0     libmx:libmx.dll
 0002:000001f8       \177libmx_NULL_THUNK_DATA  00000001800131f8     libmx:libmx.dll
 0002:00000200       __imp_utFree               0000000180013200     libut:libut.dll
 0002:00000208       __imp_utMalloc             0000000180013208     libut:libut.dll
 0002:00000210       \177libut_NULL_THUNK_DATA  0000000180013210     libut:libut.dll
 0002:00000218       __imp_sf_get_ChartInfoStruct_CodeGen 0000000180013218     sf_runtime:sf_runtime.dll
 0002:00000220       __imp_sf_get_hasSeparateUpdateOutputs 0000000180013220     sf_runtime:sf_runtime.dll
 0002:00000228       __imp_callMdlMethodAndReportError 0000000180013228     sf_runtime:sf_runtime.dll
 0002:00000230       __imp_call_sf_machine_global_method_dispatcher 0000000180013230     sf_runtime:sf_runtime.dll
 0002:00000238       __imp_getRuntimeInstanceInfoAsVoid 0000000180013238     sf_runtime:sf_runtime.dll
 0002:00000240       __imp_sf_debug_cv_init_state 0000000180013240     sf_runtime:sf_runtime.dll
 0002:00000248       __imp_sf_clear_error_manager_info 0000000180013248     sf_runtime:sf_runtime.dll
 0002:00000250       __imp_sf_debug_create_debug_instance_struct 0000000180013250     sf_runtime:sf_runtime.dll
 0002:00000258       __imp_sf_debug_terminate   0000000180013258     sf_runtime:sf_runtime.dll
 0002:00000260       __imp_sf_debug_api         0000000180013260     sf_runtime:sf_runtime.dll
 0002:00000268       __imp_sf_debug_cv_init_chart 0000000180013268     sf_runtime:sf_runtime.dll
 0002:00000270       __imp_sf_debug_cv_init_trans 0000000180013270     sf_runtime:sf_runtime.dll
 0002:00000278       __imp_sf_debug_data_range_wrapper 0000000180013278     sf_runtime:sf_runtime.dll
 0002:00000280       __imp_sf_debug_read_before_write_error 0000000180013280     sf_runtime:sf_runtime.dll
 0002:00000288       __imp_sf_debug_set_chart_state_substate_count 0000000180013288     sf_runtime:sf_runtime.dll
 0002:00000290       __imp_sf_debug_set_chart_substate_index 0000000180013290     sf_runtime:sf_runtime.dll
 0002:00000298       __imp_sf_debug_call        0000000180013298     sf_runtime:sf_runtime.dll
 0002:000002a0       __imp_sf_debug_set_chart_substate_count 00000001800132a0     sf_runtime:sf_runtime.dll
 0002:000002a8       __imp_sf_debug_set_chart_decomposition 00000001800132a8     sf_runtime:sf_runtime.dll
 0002:000002b0       __imp_sf_debug_set_chart_state_info 00000001800132b0     sf_runtime:sf_runtime.dll
 0002:000002b8       __imp_sf_debug_set_chart_event_thresholds 00000001800132b8     sf_runtime:sf_runtime.dll
 0002:000002c0       __imp_sf_debug_set_chart_disable_implicit_casting 00000001800132c0     sf_runtime:sf_runtime.dll
 0002:000002c8       __imp_sf_debug_set_instance_data_value_ptr 00000001800132c8     sf_runtime:sf_runtime.dll
 0002:000002d0       __imp_sf_debug_symbol_scope_add_eml_importable 00000001800132d0     sf_runtime:sf_runtime.dll
 0002:000002d8       __imp_sf_debug_symbol_scope_pop 00000001800132d8     sf_runtime:sf_runtime.dll
 0002:000002e0       __imp_sf_debug_symbol_scope_push_eml 00000001800132e0     sf_runtime:sf_runtime.dll
 0002:000002e8       __imp_sf_debug_symbol_scope_push 00000001800132e8     sf_runtime:sf_runtime.dll
 0002:000002f0       __imp_sf_debug_set_chart_data_compiled_props 00000001800132f0     sf_runtime:sf_runtime.dll
 0002:000002f8       __imp_sf_debug_set_chart_data_props 00000001800132f8     sf_runtime:sf_runtime.dll
 0002:00000300       __imp_sf_debug_animate     0000000180013300     sf_runtime:sf_runtime.dll
 0002:00000308       __imp_sf_debug_set_animation 0000000180013308     sf_runtime:sf_runtime.dll
 0002:00000310       __imp_sf_debug_get_animation 0000000180013310     sf_runtime:sf_runtime.dll
 0002:00000318       __imp_sf_debug_set_honor_breakpoints 0000000180013318     sf_runtime:sf_runtime.dll
 0002:00000320       __imp_sf_debug_check_for_state_inconsistency 0000000180013320     sf_runtime:sf_runtime.dll
 0002:00000328       __imp_sf_debug_reset_current_state_configuration 0000000180013328     sf_runtime:sf_runtime.dll
 0002:00000330       __imp_cv_eml_init_relational 0000000180013330     sf_runtime:sf_runtime.dll
 0002:00000338       __imp_cv_eml_init_if       0000000180013338     sf_runtime:sf_runtime.dll
 0002:00000340       __imp_cv_eml_init_script   0000000180013340     sf_runtime:sf_runtime.dll
 0002:00000348       __imp_cv_eval_relational   0000000180013348     sf_runtime:sf_runtime.dll
 0002:00000350       __imp_cv_eml_eval          0000000180013350     sf_runtime:sf_runtime.dll
 0002:00000358       __imp_cv_eval_point        0000000180013358     sf_runtime:sf_runtime.dll
 0002:00000360       __imp_sf_debug_initialize_chart 0000000180013360     sf_runtime:sf_runtime.dll
 0002:00000368       __imp_ssGetDWork_wrapper   0000000180013368     sf_runtime:sf_runtime.dll
 0002:00000370       __imp_sf_mex_duplicatearraysafe 0000000180013370     sf_runtime:sf_runtime.dll
 0002:00000378       __imp_sf_mex_decode_encoded_mx_struct_array 0000000180013378     sf_runtime:sf_runtime.dll
 0002:00000380       __imp_sf_mex_import        0000000180013380     sf_runtime:sf_runtime.dll
 0002:00000388       __imp_sf_mex_destroy       0000000180013388     sf_runtime:sf_runtime.dll
 0002:00000390       __imp_sf_mex_dup           0000000180013390     sf_runtime:sf_runtime.dll
 0002:00000398       __imp_sf_mex_assign        0000000180013398     sf_runtime:sf_runtime.dll
 0002:000003a0       __imp_sf_mex_getcell       00000001800133a0     sf_runtime:sf_runtime.dll
 0002:000003a8       __imp_sf_mex_setcell       00000001800133a8     sf_runtime:sf_runtime.dll
 0002:000003b0       __imp_sf_mex_createcellmatrix 00000001800133b0     sf_runtime:sf_runtime.dll
 0002:000003b8       __imp_sf_mex_create        00000001800133b8     sf_runtime:sf_runtime.dll
 0002:000003c0       __imp_sf_mex_error_message 00000001800133c0     sf_runtime:sf_runtime.dll
 0002:000003c8       __imp_sf_register_codegen_names_for_scoped_functions_defined_by_chart 00000001800133c8     sf_runtime:sf_runtime.dll
 0002:000003d0       __imp_sf_set_chart_accesses_machine_info 00000001800133d0     sf_runtime:sf_runtime.dll
 0002:000003d8       __imp_sf_is_first_init_cond 00000001800133d8     sf_runtime:sf_runtime.dll
 0002:000003e0       __imp_sf_get_time          00000001800133e0     sf_runtime:sf_runtime.dll
 0002:000003e8       __imp_sf_set_encoded_dwork_info 00000001800133e8     sf_runtime:sf_runtime.dll
 0002:000003f0       __imp_sf_get_dwork_info_from_mat_file 00000001800133f0     sf_runtime:sf_runtime.dll
 0002:000003f8       __imp_sf_set_rtw_dwork_info 00000001800133f8     sf_runtime:sf_runtime.dll
 0002:00000400       __imp_sf_clear_rtw_identifier 0000000180013400     sf_runtime:sf_runtime.dll
 0002:00000408       __imp_sim_mode_is_modelref_sim 0000000180013408     sf_runtime:sf_runtime.dll
 0002:00000410       __imp_sim_mode_is_external 0000000180013410     sf_runtime:sf_runtime.dll
 0002:00000418       __imp_sim_mode_is_rtw_gen  0000000180013418     sf_runtime:sf_runtime.dll
 0002:00000420       __imp_sf_update_buildInfo  0000000180013420     sf_runtime:sf_runtime.dll
 0002:00000428       __imp_sf_is_chart_inlinable 0000000180013428     sf_runtime:sf_runtime.dll
 0002:00000430       __imp_sf_rtw_info_uint_prop 0000000180013430     sf_runtime:sf_runtime.dll
 0002:00000438       __imp_sf_get_chart_instance_ptr 0000000180013438     sf_runtime:sf_runtime.dll
 0002:00000440       __imp_sfrtGetEmlrtCtx      0000000180013440     sf_runtime:sf_runtime.dll
 0002:00000448       __imp_sf_free_ChartRunTimeInfo 0000000180013448     sf_runtime:sf_runtime.dll
 0002:00000450       __imp_sf_init_ChartRunTimeInfo 0000000180013450     sf_runtime:sf_runtime.dll
 0002:00000458       __imp_sf_debug_set_machine_data_thresholds 0000000180013458     sf_runtime:sf_runtime.dll
 0002:00000460       __imp_sf_debug_set_machine_event_thresholds 0000000180013460     sf_runtime:sf_runtime.dll
 0002:00000468       __imp_sf_debug_initialize_machine 0000000180013468     sf_runtime:sf_runtime.dll
 0002:00000470       __imp_sf_mex_error_direct_call 0000000180013470     sf_runtime:sf_runtime.dll
 0002:00000478       __imp_sf_load_rtw_optimization_info 0000000180013478     sf_runtime:sf_runtime.dll
 0002:00000480       \177sf_runtime_NULL_THUNK_DATA 0000000180013480     sf_runtime:sf_runtime.dll
 0002:00000488       __xc_a                     0000000180013488     MSVCRT:cinitexe.obj
 0002:00000490       __xc_z                     0000000180013490     MSVCRT:cinitexe.obj
 0002:00000498       __xi_a                     0000000180013498     MSVCRT:cinitexe.obj
 0002:000004b0       __xi_z                     00000001800134b0     MSVCRT:cinitexe.obj
 0002:000004c0       __real@418b3752e0000000    00000001800134c0     lane_departure_sfun.obj
 0002:000004c8       __real@41c06a4771000000    00000001800134c8     lane_departure_sfun.obj
 0002:000004d0       __real@41d0e79f6f000000    00000001800134d0     lane_departure_sfun.obj
 0002:000004d8       __real@41d226f69e800000    00000001800134d8     lane_departure_sfun.obj
 0002:000004e0       __real@41d868c0e9400000    00000001800134e0     lane_departure_sfun.obj
 0002:000004e8       __real@41dd103a12800000    00000001800134e8     lane_departure_sfun.obj
 0002:000004f0       __real@41dea8a7ad000000    00000001800134f0     lane_departure_sfun.obj
 0002:000004f8       __real@41e201fc2fc00000    00000001800134f8     lane_departure_sfun.obj
 0002:00000500       __real@41e2e9c7ba000000    0000000180013500     lane_departure_sfun.obj
 0002:00000508       __real@41e3224e4fa00000    0000000180013508     lane_departure_sfun.obj
 0002:00000510       __real@41e4e1948e800000    0000000180013510     lane_departure_sfun.obj
 0002:00000518       __real@41ea04d600200000    0000000180013518     lane_departure_sfun.obj
 0002:00000520       __real@0000000000000000    0000000180013520     c4_lane_departure.obj
 0002:00000528       __real@3ff0000000000000    0000000180013528     c4_lane_departure.obj
 0002:00000530       __real@4000000000000000    0000000180013530     c4_lane_departure.obj
 0002:00000538       __real@4024000000000000    0000000180013538     c4_lane_departure.obj
 0002:00000540       __real@41d85c6939800000    0000000180013540     c4_lane_departure.obj
 0002:00000548       __real@41e40c784be00000    0000000180013548     c4_lane_departure.obj
 0002:00000550       __real@41e6c18421800000    0000000180013550     c4_lane_departure.obj
 0002:00000558       __real@41ee28197ca00000    0000000180013558     c4_lane_departure.obj
 0002:00000560       __real@bff0000000000000    0000000180013560     c4_lane_departure.obj
 0002:00000568       DYNAMIC_DIMENSION_DEF      0000000180013568     lane_departure_sfun_registry.obj
 0002:00000580       __real@4010000000000000    0000000180013580     lane_departure_sfun_registry.obj
 0002:00000588       __real@41602cbca0000000    0000000180013588     lane_departure_sfun_registry.obj
 0002:000005a0       _pRawDllMain               00000001800135a0     MSVCRT:crtdll.obj
 0002:000005a0       _pDefaultRawDllMain        00000001800135a0     MSVCRT:crtdll.obj
 0002:000005a8       ?ProcessDetach@NativeDll@<CrtImplementationDetails>@@0IB 00000001800135a8     MSVCRT:initsect.obj
 0002:000005ac       ?ProcessAttach@NativeDll@<CrtImplementationDetails>@@0IB 00000001800135ac     MSVCRT:initsect.obj
 0002:000005b0       ?ThreadAttach@NativeDll@<CrtImplementationDetails>@@0IB 00000001800135b0     MSVCRT:initsect.obj
 0002:000005b4       ?ThreadDetach@NativeDll@<CrtImplementationDetails>@@0IB 00000001800135b4     MSVCRT:initsect.obj
 0002:000005b8       ?ProcessVerifier@NativeDll@<CrtImplementationDetails>@@0IB 00000001800135b8     MSVCRT:initsect.obj
 0002:000005bc       ?value@?$integral_constant@_N$0A@@std@@2_NB 00000001800135bc     MSVCRT:tncleanup.obj
 0002:000005bd       ?value@?$integral_constant@_N$00@std@@2_NB 00000001800135bd     MSVCRT:tncleanup.obj
 0002:000005c0       _load_config_used          00000001800135c0     MSVCRT:loadcfg.obj
 0002:00000630       __rtc_iaa                  0000000180013630     MSVCRT:initsect.obj
 0002:00000638       __rtc_izz                  0000000180013638     MSVCRT:initsect.obj
 0002:00000640       __rtc_taa                  0000000180013640     MSVCRT:initsect.obj
 0002:00000648       __rtc_tzz                  0000000180013648     MSVCRT:initsect.obj
 0002:00000eac       __IMPORT_DESCRIPTOR_sf_runtime 0000000180013eac     sf_runtime:sf_runtime.dll
 0002:00000ec0       __IMPORT_DESCRIPTOR_libmx  0000000180013ec0     libmx:libmx.dll
 0002:00000ed4       __IMPORT_DESCRIPTOR_libmex 0000000180013ed4     libmex:libmex.dll
 0002:00000ee8       __IMPORT_DESCRIPTOR_libut  0000000180013ee8     libut:libut.dll
 0002:00000efc       __IMPORT_DESCRIPTOR_MSVCR120 0000000180013efc     MSVCRT:MSVCR120.dll
 0002:00000f10       __IMPORT_DESCRIPTOR_KERNEL32 0000000180013f10     kernel32:KERNEL32.dll
 0002:00000f24       __NULL_IMPORT_DESCRIPTOR   0000000180013f24     sf_runtime:sf_runtime.dll
 0003:00001ad8       DYNAMIC_DIMENSION          0000000180017ad8     lane_departure_sfun_registry.obj
 0003:00003120       __security_cookie          0000000180019120     MSVCRT:gs_cookie.obj
 0003:00003128       __security_cookie_complement 0000000180019128     MSVCRT:gs_cookie.obj
 0003:00003130       _fltused                   0000000180019130     MSVCRT:dllsupp.obj
 0003:00003134       __native_dllmain_reason    0000000180019134     MSVCRT:natstart.obj
 0003:00003160       sfGlobalDebugInstanceStruct 0000000180019160     lane_departure_sfun_registry.obj
 0003:000046e8       ?__type_info_root_node@@3U__type_info_node@@A 000000018001a6e8     MSVCRT:tncleanup.obj
 0003:000046f8       _lane_departureMachineNumber_ 000000018001a6f8     <common>
 0003:00004700       __native_startup_lock      000000018001a700     <common>
 0003:00004708       __native_startup_state     000000018001a708     <common>
 0003:00004710       __onexitend                000000018001a710     <common>
 0003:00004718       __onexitbegin              000000018001a718     <common>
 0003:00004720       __dyn_tls_init_callback    000000018001a720     <common>

 entry point at        0001:0001176c

 Static symbols

 0000:00000000       .debug$S                   0000000180000000     sf_runtime:sf_runtime.dll
 0000:00000000       .debug$S                   0000000180000000     sf_runtime:sf_runtime.dll
 0000:00000000       .debug$S                   0000000180000000     sf_runtime:sf_runtime.dll
 0000:00000000       .debug$S                   0000000180000000     sf_runtime:sf_runtime.dll
 0000:00000000       .debug$S                   0000000180000000     sf_runtime:sf_runtime.dll
 0000:00000000       .debug$S                   0000000180000000     sf_runtime:sf_runtime.dll
 0000:00000000       .debug$S                   0000000180000000     kernel32:KERNEL32.dll
 0000:00000000       .debug$S                   0000000180000000     kernel32:KERNEL32.dll
 0000:00000000       .debug$S                   0000000180000000     kernel32:KERNEL32.dll
 0000:00000000       .debug$S                   0000000180000000     kernel32:KERNEL32.dll
 0000:00000000       .debug$S                   0000000180000000     kernel32:KERNEL32.dll
 0000:00000000       .debug$S                   0000000180000000     kernel32:KERNEL32.dll
 0000:00000000       .debug$S                   0000000180000000     kernel32:KERNEL32.dll
 0000:00000000       .debug$S                   0000000180000000     kernel32:KERNEL32.dll
 0000:00000000       .debug$S                   0000000180000000     kernel32:KERNEL32.dll
 0000:00000000       .debug$S                   0000000180000000     MSVCRT:MSVCR120.dll
 0000:00000000       .debug$S                   0000000180000000     MSVCRT:MSVCR120.dll
 0000:00000000       .debug$S                   0000000180000000     MSVCRT:MSVCR120.dll
 0000:00000000       .debug$S                   0000000180000000     MSVCRT:MSVCR120.dll
 0000:00000000       .debug$S                   0000000180000000     MSVCRT:MSVCR120.dll
 0000:00000000       .debug$S                   0000000180000000     MSVCRT:MSVCR120.dll
 0000:00000000       .debug$S                   0000000180000000     MSVCRT:MSVCR120.dll
 0000:00000000       .debug$S                   0000000180000000     MSVCRT:MSVCR120.dll
 0000:00000000       .debug$S                   0000000180000000     MSVCRT:MSVCR120.dll
 0000:00000000       .debug$S                   0000000180000000     MSVCRT:MSVCR120.dll
 0000:00000000       .debug$S                   0000000180000000     MSVCRT:MSVCR120.dll
 0000:00000000       .debug$S                   0000000180000000     MSVCRT:MSVCR120.dll
 0000:00000000       .debug$S                   0000000180000000     MSVCRT:MSVCR120.dll
 0000:00000000       .debug$S                   0000000180000000     MSVCRT:MSVCR120.dll
 0000:00000000       .debug$S                   0000000180000000     MSVCRT:MSVCR120.dll
 0000:00000000       .debug$S                   0000000180000000     MSVCRT:MSVCR120.dll
 0000:00000000       .debug$S                   0000000180000000     MSVCRT:MSVCR120.dll
 0000:00000000       .debug$S                   0000000180000000     MSVCRT:MSVCR120.dll
 0000:00000000       .debug$S                   0000000180000000     MSVCRT:MSVCR120.dll
 0000:00000000       .debug$S                   0000000180000000     MSVCRT:MSVCR120.dll
 0000:00000000       .debug$S                   0000000180000000     MSVCRT:MSVCR120.dll
 0000:00000000       .debug$S                   0000000180000000     MSVCRT:MSVCR120.dll
 0000:00000000       .debug$S                   0000000180000000     MSVCRT:MSVCR120.dll
 0000:00000000       .debug$S                   0000000180000000     MSVCRT:MSVCR120.dll
 0000:00000000       .debug$S                   0000000180000000     sf_runtime:sf_runtime.dll
 0000:00000000       .debug$S                   0000000180000000     sf_runtime:sf_runtime.dll
 0000:00000000       .debug$S                   0000000180000000     sf_runtime:sf_runtime.dll
 0000:00000000       .debug$S                   0000000180000000     sf_runtime:sf_runtime.dll
 0000:00000000       .debug$S                   0000000180000000     sf_runtime:sf_runtime.dll
 0000:00000000       .debug$S                   0000000180000000     sf_runtime:sf_runtime.dll
 0000:00000000       .debug$S                   0000000180000000     sf_runtime:sf_runtime.dll
 0000:00000000       .debug$S                   0000000180000000     sf_runtime:sf_runtime.dll
 0000:00000000       .debug$S                   0000000180000000     sf_runtime:sf_runtime.dll
 0000:00000000       .debug$S                   0000000180000000     sf_runtime:sf_runtime.dll
 0000:00000000       .debug$S                   0000000180000000     sf_runtime:sf_runtime.dll
 0000:00000000       .debug$S                   0000000180000000     sf_runtime:sf_runtime.dll
 0000:00000000       .debug$S                   0000000180000000     sf_runtime:sf_runtime.dll
 0000:00000000       .debug$S                   0000000180000000     sf_runtime:sf_runtime.dll
 0000:00000000       .debug$S                   0000000180000000     sf_runtime:sf_runtime.dll
 0000:00000000       .debug$S                   0000000180000000     sf_runtime:sf_runtime.dll
 0000:00000000       .debug$S                   0000000180000000     sf_runtime:sf_runtime.dll
 0000:00000000       .debug$S                   0000000180000000     sf_runtime:sf_runtime.dll
 0000:00000000       .debug$S                   0000000180000000     sf_runtime:sf_runtime.dll
 0000:00000000       .debug$S                   0000000180000000     sf_runtime:sf_runtime.dll
 0000:00000000       .debug$S                   0000000180000000     sf_runtime:sf_runtime.dll
 0000:00000000       .debug$S                   0000000180000000     sf_runtime:sf_runtime.dll
 0000:00000000       .debug$S                   0000000180000000     sf_runtime:sf_runtime.dll
 0000:00000000       .debug$S                   0000000180000000     sf_runtime:sf_runtime.dll
 0000:00000000       .debug$S                   0000000180000000     sf_runtime:sf_runtime.dll
 0000:00000000       .debug$S                   0000000180000000     sf_runtime:sf_runtime.dll
 0000:00000000       .debug$S                   0000000180000000     sf_runtime:sf_runtime.dll
 0000:00000000       .debug$S                   0000000180000000     sf_runtime:sf_runtime.dll
 0000:00000000       .debug$S                   0000000180000000     sf_runtime:sf_runtime.dll
 0000:00000000       .debug$S                   0000000180000000     sf_runtime:sf_runtime.dll
 0000:00000000       .debug$S                   0000000180000000     sf_runtime:sf_runtime.dll
 0000:00000000       .debug$S                   0000000180000000     sf_runtime:sf_runtime.dll
 0000:00000000       .debug$S                   0000000180000000     sf_runtime:sf_runtime.dll
 0000:00000000       .debug$S                   0000000180000000     sf_runtime:sf_runtime.dll
 0000:00000000       .debug$S                   0000000180000000     sf_runtime:sf_runtime.dll
 0000:00000000       .debug$S                   0000000180000000     sf_runtime:sf_runtime.dll
 0000:00000000       .debug$S                   0000000180000000     libut:libut.dll
 0000:00000000       .debug$S                   0000000180000000     libut:libut.dll
 0000:00000000       .debug$S                   0000000180000000     sf_runtime:sf_runtime.dll
 0000:00000000       .debug$S                   0000000180000000     libmex:libmex.dll
 0000:00000000       .debug$S                   0000000180000000     libmex:libmex.dll
 0000:00000000       .debug$S                   0000000180000000     libmex:libmex.dll
 0000:00000000       .debug$S                   0000000180000000     libmex:libmex.dll
 0000:00000000       .debug$S                   0000000180000000     libmex:libmex.dll
 0000:00000000       .debug$S                   0000000180000000     libmex:libmex.dll
 0000:00000000       .debug$S                   0000000180000000     libmex:libmex.dll
 0000:00000000       .debug$S                   0000000180000000     sf_runtime:sf_runtime.dll
 0000:00000000       .debug$S                   0000000180000000     libmx:libmx.dll
 0000:00000000       .debug$S                   0000000180000000     libmx:libmx.dll
 0000:00000000       .debug$S                   0000000180000000     libmx:libmx.dll
 0000:00000000       .debug$S                   0000000180000000     libmx:libmx.dll
 0000:00000000       .debug$S                   0000000180000000     libmx:libmx.dll
 0000:00000000       .debug$S                   0000000180000000     libmx:libmx.dll
 0000:00000000       .debug$S                   0000000180000000     libmx:libmx.dll
 0000:00000000       .debug$S                   0000000180000000     libmx:libmx.dll
 0000:00000000       .debug$S                   0000000180000000     libmx:libmx.dll
 0000:00000000       .debug$S                   0000000180000000     libmx:libmx.dll
 0000:00000000       .debug$S                   0000000180000000     libmx:libmx.dll
 0000:00000000       .debug$S                   0000000180000000     libmx:libmx.dll
 0000:00000000       .debug$S                   0000000180000000     libmx:libmx.dll
 0000:00000000       .debug$S                   0000000180000000     libmx:libmx.dll
 0000:00000000       .debug$S                   0000000180000000     libmx:libmx.dll
 0000:00000000       .debug$S                   0000000180000000     libmx:libmx.dll
 0000:00000000       .debug$S                   0000000180000000     libmx:libmx.dll
 0000:00000000       .debug$S                   0000000180000000     libmx:libmx.dll
 0000:00000000       .debug$S                   0000000180000000     libmx:libmx.dll
 0000:00000000       .debug$S                   0000000180000000     libmx:libmx.dll
 0000:00000000       .debug$S                   0000000180000000     sf_runtime:sf_runtime.dll
 0000:00000000       .debug$S                   0000000180000000     sf_runtime:sf_runtime.dll
 0000:00000000       .debug$S                   0000000180000000     sf_runtime:sf_runtime.dll
 0000:00000000       .debug$S                   0000000180000000     sf_runtime:sf_runtime.dll
 0000:00000000       .debug$S                   0000000180000000     sf_runtime:sf_runtime.dll
 0000:00000000       .debug$S                   0000000180000000     sf_runtime:sf_runtime.dll
 0000:00000000       .debug$S                   0000000180000000     sf_runtime:sf_runtime.dll
 0000:00000000       .debug$S                   0000000180000000     sf_runtime:sf_runtime.dll
 0000:00000000       .debug$S                   0000000180000000     sf_runtime:sf_runtime.dll
 0000:00000000       .debug$S                   0000000180000000     sf_runtime:sf_runtime.dll
 0000:00000000       .debug$S                   0000000180000000     sf_runtime:sf_runtime.dll
 0000:00000000       .debug$S                   0000000180000000     sf_runtime:sf_runtime.dll
 0000:00000000       .debug$S                   0000000180000000     sf_runtime:sf_runtime.dll
 0000:00000000       .debug$S                   0000000180000000     sf_runtime:sf_runtime.dll
 0000:00000000       .debug$S                   0000000180000000     sf_runtime:sf_runtime.dll
 0000:00000000       .debug$S                   0000000180000000     sf_runtime:sf_runtime.dll
 0000:00000000       .debug$S                   0000000180000000     sf_runtime:sf_runtime.dll
 0000:00000000       .debug$S                   0000000180000000     sf_runtime:sf_runtime.dll
 0000:00000000       .debug$S                   0000000180000000     sf_runtime:sf_runtime.dll
 0000:00000000       .debug$S                   0000000180000000     sf_runtime:sf_runtime.dll
 0000:00000000       .debug$S                   0000000180000000     sf_runtime:sf_runtime.dll
 0000:00000000       .debug$S                   0000000180000000     sf_runtime:sf_runtime.dll
 0000:00000000       .debug$S                   0000000180000000     sf_runtime:sf_runtime.dll
 0000:00000000       .debug$S                   0000000180000000     sf_runtime:sf_runtime.dll
 0000:00000000       .debug$S                   0000000180000000     sf_runtime:sf_runtime.dll
 0000:00000000       .debug$S                   0000000180000000     sf_runtime:sf_runtime.dll
 0000:00000000       .debug$S                   0000000180000000     sf_runtime:sf_runtime.dll
 0000:00000000       .debug$S                   0000000180000000     sf_runtime:sf_runtime.dll
 0000:00000000       .debug$S                   0000000180000000     sf_runtime:sf_runtime.dll
 0000:00000000       .debug$S                   0000000180000000     sf_runtime:sf_runtime.dll
 0000:00000000       .debug$S                   0000000180000000     sf_runtime:sf_runtime.dll
 0000:00000000       .debug$S                   0000000180000000     sf_runtime:sf_runtime.dll
 0000:00000000       .debug$S                   0000000180000000     sf_runtime:sf_runtime.dll
 0001:00001350       chart_debug_initialization 0000000180002350 f   c4_lane_departure.obj
 0001:00002530       chart_debug_initialize_data_addresses 0000000180003530 f   c4_lane_departure.obj
 0001:000025d0       sf_opaque_get_hover_data_for_msg 00000001800035d0 f   c4_lane_departure.obj
 0001:00002600       initialize_c4_lane_departure 0000000180003600 f   c4_lane_departure.obj
 0001:000026a0       initialize_params_c4_lane_departure 00000001800036a0 f   c4_lane_departure.obj
 0001:000026b0       enable_c4_lane_departure   00000001800036b0 f   c4_lane_departure.obj
 0001:000026e0       disable_c4_lane_departure  00000001800036e0 f   c4_lane_departure.obj
 0001:00002710       c4_update_debugger_state_c4_lane_departure 0000000180003710 f   c4_lane_departure.obj
 0001:00002e70       ext_mode_exec_c4_lane_departure 0000000180003e70 f   c4_lane_departure.obj
 0001:00002e90       get_sim_state_c4_lane_departure 0000000180003e90 f   c4_lane_departure.obj
 0001:00003110       set_sim_state_c4_lane_departure 0000000180004110 f   c4_lane_departure.obj
 0001:000032d0       c4_set_sim_state_side_effects_c4_lane_departure 00000001800042d0 f   c4_lane_departure.obj
 0001:00003300       finalize_c4_lane_departure 0000000180004300 f   c4_lane_departure.obj
 0001:00003330       sf_gateway_c4_lane_departure 0000000180004330 f   c4_lane_departure.obj
 0001:00003470       mdl_start_c4_lane_departure 0000000180004470 f   c4_lane_departure.obj
 0001:00003490       c4_chartstep_c4_lane_departure 0000000180004490 f   c4_lane_departure.obj
 0001:00006050       initSimStructsc4_lane_departure 0000000180007050 f   c4_lane_departure.obj
 0001:00006060       init_script_number_translation 0000000180007060 f   c4_lane_departure.obj
 0001:00006080       c4_sf_marshallOut          0000000180007080 f   c4_lane_departure.obj
 0001:00006130       c4_emlrt_marshallIn        0000000180007130 f   c4_lane_departure.obj
 0001:000061a0       c4_b_emlrt_marshallIn      00000001800071a0 f   c4_lane_departure.obj
 0001:00006230       c4_sf_marshallIn           0000000180007230 f   c4_lane_departure.obj
 0001:000062e0       c4_b_sf_marshallOut        00000001800072e0 f   c4_lane_departure.obj
 0001:00006390       c4_c_emlrt_marshallIn      0000000180007390 f   c4_lane_departure.obj
 0001:00006420       c4_b_sf_marshallIn         0000000180007420 f   c4_lane_departure.obj
 0001:000064d0       c4_e_emlrt_marshallIn      00000001800074d0 f   c4_lane_departure.obj
 0001:00006540       c4_f_emlrt_marshallIn      0000000180007540 f   c4_lane_departure.obj
 0001:000065d0       c4_g_emlrt_marshallIn      00000001800075d0 f   c4_lane_departure.obj
 0001:00006640       c4_h_emlrt_marshallIn      0000000180007640 f   c4_lane_departure.obj
 0001:000066f0       c4_i_emlrt_marshallIn      00000001800076f0 f   c4_lane_departure.obj
 0001:00006780       c4_j_emlrt_marshallIn      0000000180007780 f   c4_lane_departure.obj
 0001:000067e0       sf_get_hover_data_for_msg  00000001800077e0 f   c4_lane_departure.obj
 0001:00006810       c4_init_sf_message_store_memory 0000000180007810 f   c4_lane_departure.obj
 0001:00006820       init_dsm_address_info      0000000180007820 f   c4_lane_departure.obj
 0001:00006830       init_simulink_io_address   0000000180007830 f   c4_lane_departure.obj
 0001:000068e0       sf_get_sfun_dwork_checksum 00000001800078e0 f   c4_lane_departure.obj
 0001:00006e90       sf_get_sim_state_info_c4_lane_departure 0000000180007e90 f   c4_lane_departure.obj
 0001:00006f60       sf_get_instance_specialization 0000000180007f60 f   c4_lane_departure.obj
 0001:00006f70       sf_check_dwork_consistency 0000000180007f70 f   c4_lane_departure.obj
 0001:000070f0       sf_opaque_initialize_c4_lane_departure 00000001800080f0 f   c4_lane_departure.obj
 0001:00007140       sf_opaque_enable_c4_lane_departure 0000000180008140 f   c4_lane_departure.obj
 0001:00007160       sf_opaque_disable_c4_lane_departure 0000000180008160 f   c4_lane_departure.obj
 0001:00007180       sf_opaque_gateway_c4_lane_departure 0000000180008180 f   c4_lane_departure.obj
 0001:000071a0       sf_opaque_ext_mode_exec_c4_lane_departure 00000001800081a0 f   c4_lane_departure.obj
 0001:000071c0       sf_opaque_get_sim_state_c4_lane_departure 00000001800081c0 f   c4_lane_departure.obj
 0001:000071f0       sf_opaque_set_sim_state_c4_lane_departure 00000001800081f0 f   c4_lane_departure.obj
 0001:00007220       sf_opaque_terminate_c4_lane_departure 0000000180008220 f   c4_lane_departure.obj
 0001:000072c0       mdlProcessParameters_c4_lane_departure 00000001800082c0 f   c4_lane_departure.obj
 0001:000073c0       sf_set_sfun_dwork_info     00000001800083c0 f   c4_lane_departure.obj
 0001:00007400       mdlSetWorkWidths_c4_lane_departure 0000000180008400 f   c4_lane_departure.obj
 0001:00007980       mdlRTW_c4_lane_departure   0000000180008980 f   c4_lane_departure.obj
 0001:000079c0       mdlStart_c4_lane_departure 00000001800089c0 f   c4_lane_departure.obj
 0001:0000a118       $LN180                     000000018000b118     lane_departure_sfun_registry.obj
 0001:0000c2e4       $LN17                      000000018000d2e4     lane_departure_sfun_registry.obj
 0001:0000c86c       $LN26                      000000018000d86c     lane_departure_sfun_registry.obj
 0001:0000cf54       $LN23                      000000018000df54     lane_departure_sfun_registry.obj
 0001:0000d530       $LN26                      000000018000e530     lane_departure_sfun_registry.obj
 0001:0000f200       sf_debug_api_wrapper       0000000180010200 f   lane_departure_sfun_registry.obj
 0001:0000f250       ProcessMexSfunctionCmdLineCall 0000000180010250 f   lane_departure_sfun_registry.obj
 0001:0000f5e0       mdlSetWorkWidths           00000001800105e0 f   lane_departure_sfun_registry.obj
 0001:0000f630       mdlProcessParameters       0000000180010630 f   lane_departure_sfun_registry.obj
 0001:0000f660       mdl_start_processing       0000000180010660 f   lane_departure_sfun_registry.obj
 0001:0000f6c0       mdl_terminate_processing   00000001800106c0 f   lane_departure_sfun_registry.obj
 0001:0000f780       mdlStart                   0000000180010780 f   lane_departure_sfun_registry.obj
 0001:0000f7b0       mdlTerminate               00000001800107b0 f   lane_departure_sfun_registry.obj
 0001:0000f7e0       mdlInitializeSizes         00000001800107e0 f   lane_departure_sfun_registry.obj
 0001:0000f810       mdlInitializeSampleTimes   0000000180010810 f   lane_departure_sfun_registry.obj
 0001:0000f840       mdl_outputs_continuous_legacy 0000000180010840 f   lane_departure_sfun_registry.obj
 0001:0000f940       mdl_outputs_processing     0000000180010940 f   lane_departure_sfun_registry.obj
 0001:0000fa60       mdl_zeroCrossings_processing 0000000180010a60 f   lane_departure_sfun_registry.obj
 0001:0000faa0       mdlZeroCrossings           0000000180010aa0 f   lane_departure_sfun_registry.obj
 0001:0000fad0       mdl_derivatives_processing 0000000180010ad0 f   lane_departure_sfun_registry.obj
 0001:0000fb20       mdlDerivatives             0000000180010b20 f   lane_departure_sfun_registry.obj
 0001:0000fb50       mdl_initialize_conditions_processing 0000000180010b50 f   lane_departure_sfun_registry.obj
 0001:0000fba0       mdlInitializeConditions    0000000180010ba0 f   lane_departure_sfun_registry.obj
 0001:0000fbd0       mdl_ext_mode_exec_processing 0000000180010bd0 f   lane_departure_sfun_registry.obj
 0001:0000fc10       mdlExtModeExec             0000000180010c10 f   lane_departure_sfun_registry.obj
 0001:0000fc40       mdlRTW                     0000000180010c40 f   lane_departure_sfun_registry.obj
 0001:0000fc80       mdl_enable_processing      0000000180010c80 f   lane_departure_sfun_registry.obj
 0001:0000fcc0       mdlEnable                  0000000180010cc0 f   lane_departure_sfun_registry.obj
 0001:0000fcf0       mdl_disable_processing     0000000180010cf0 f   lane_departure_sfun_registry.obj
 0001:0000fd30       mdlDisable                 0000000180010d30 f   lane_departure_sfun_registry.obj
 0001:0000fd60       mdlOutputs                 0000000180010d60 f   lane_departure_sfun_registry.obj
 0001:0000fd90       mdl_update_processing      0000000180010d90 f   lane_departure_sfun_registry.obj
 0001:0000fde0       mdlUpdate                  0000000180010de0 f   lane_departure_sfun_registry.obj
 0001:0000ffc0       mdlGetTimeOfNextVarHit     0000000180010fc0 f   lane_departure_sfun_registry.obj
 0001:00010010       _RegNumInputPortsCB        0000000180011010 f   lane_departure_sfun_registry.obj
 0001:00010090       _RegNumOutputPortsCB       0000000180011090 f   lane_departure_sfun_registry.obj
 0001:00010110       _CreateSimStruct           0000000180011110 f   lane_departure_sfun_registry.obj
 0001:00010310       _ProcessMexSfunctionCmdLineCall 0000000180011310 f   lane_departure_sfun_registry.obj
 0001:00010d60       ReportIndexOutOfBoundsError 0000000180011d60 f   lane_departure_sfun_registry.obj
 0001:00011460       $$000000                   0000000180012460     MSVCRT:amdsecgs.obj
 0001:000114b4       pre_c_init                 00000001800124b4 f   MSVCRT:crtdll.obj
 0001:000117ac       __DllMainCRTStartup        00000001800127ac f   MSVCRT:crtdll.obj
 0001:00011cc0       __DllMainCRTStartup$filt$0 0000000180012cc0 f   MSVCRT:crtdll.obj
 0001:00011ce5       __DllMainCRTStartup$fin$1  0000000180012ce5 f   MSVCRT:crtdll.obj
 0001:00011d00       _IsNonwritableInCurrentImage$filt$0 0000000180012d00 f   MSVCRT:pesect.obj
 0001:00011d20       _onexit$fin$0              0000000180012d20 f   MSVCRT:atonexit.obj
 0002:000004a0       pcinit                     00000001800134a0     MSVCRT:crtdll.obj
 0002:000004a8       pinit                      00000001800134a8     MSVCRT:atonexit.obj
 0002:00000590       GS_ExceptionPointers       0000000180013590     MSVCRT:gs_report.obj
 0002:00000650       $unwind$load_lane_departure_optimization_info 0000000180013650     lane_departure_sfun.obj
 0002:00000658       $unwind$unload_lane_departure_optimization_info 0000000180013658     lane_departure_sfun.obj
 0002:00000660       $unwind$sf_lane_departure_method_dispatcher 0000000180013660     lane_departure_sfun.obj
 0002:00000668       $unwind$sf_lane_departure_process_testpoint_info_call 0000000180013668     lane_departure_sfun.obj
 0002:00000678       $unwind$sf_lane_departure_process_check_sum_call 0000000180013678     lane_departure_sfun.obj
 0002:00000688       $unwind$sf_lane_departure_autoinheritance_info 0000000180013688     lane_departure_sfun.obj
 0002:00000698       $unwind$sf_lane_departure_get_eml_resolved_functions_info 0000000180013698     lane_departure_sfun.obj
 0002:000006a8       $unwind$sf_lane_departure_third_party_uses_info 00000001800136a8     lane_departure_sfun.obj
 0002:000006b8       $unwind$sf_lane_departure_jit_fallback_info 00000001800136b8     lane_departure_sfun.obj
 0002:000006c8       $unwind$sf_lane_departure_updateBuildInfo_args_info 00000001800136c8     lane_departure_sfun.obj
 0002:000006d8       $unwind$lane_departure_debug_initialize 00000001800136d8     lane_departure_sfun.obj
 0002:000006e0       $unwind$sf_c4_lane_departure_get_eml_resolved_functions_info 00000001800136e0     c4_lane_departure.obj
 0002:000006e8       $unwind$sf_c4_lane_departure_get_check_sum 00000001800136e8     c4_lane_departure.obj
 0002:000006f0       $unwind$c4_lane_departure_method_dispatcher 00000001800136f0     c4_lane_departure.obj
 0002:000006f8       $unwind$chart_debug_initialization 00000001800136f8     c4_lane_departure.obj
 0002:00000700       $unwind$chart_debug_initialize_data_addresses 0000000180013700     c4_lane_departure.obj
 0002:00000708       $unwind$sf_opaque_get_hover_data_for_msg 0000000180013708     c4_lane_departure.obj
 0002:00000710       $unwind$initialize_c4_lane_departure 0000000180013710     c4_lane_departure.obj
 0002:00000718       $unwind$enable_c4_lane_departure 0000000180013718     c4_lane_departure.obj
 0002:00000720       $unwind$disable_c4_lane_departure 0000000180013720     c4_lane_departure.obj
 0002:00000728       $unwind$c4_update_debugger_state_c4_lane_departure 0000000180013728     c4_lane_departure.obj
 0002:00000730       $unwind$ext_mode_exec_c4_lane_departure 0000000180013730     c4_lane_departure.obj
 0002:00000738       $unwind$get_sim_state_c4_lane_departure 0000000180013738     c4_lane_departure.obj
 0002:00000740       $unwind$set_sim_state_c4_lane_departure 0000000180013740     c4_lane_departure.obj
 0002:00000748       $unwind$finalize_c4_lane_departure 0000000180013748     c4_lane_departure.obj
 0002:00000750       $unwind$sf_gateway_c4_lane_departure 0000000180013750     c4_lane_departure.obj
 0002:00000758       $unwind$mdl_start_c4_lane_departure 0000000180013758     c4_lane_departure.obj
 0002:00000760       $unwind$c4_chartstep_c4_lane_departure 0000000180013760     c4_lane_departure.obj
 0002:00000770       $unwind$c4_sf_marshallOut  0000000180013770     c4_lane_departure.obj
 0002:00000778       $unwind$c4_emlrt_marshallIn 0000000180013778     c4_lane_departure.obj
 0002:00000780       $unwind$c4_b_emlrt_marshallIn 0000000180013780     c4_lane_departure.obj
 0002:00000788       $unwind$c4_sf_marshallIn   0000000180013788     c4_lane_departure.obj
 0002:00000790       $unwind$c4_b_sf_marshallOut 0000000180013790     c4_lane_departure.obj
 0002:00000798       $unwind$c4_c_emlrt_marshallIn 0000000180013798     c4_lane_departure.obj
 0002:000007a0       $unwind$c4_b_sf_marshallIn 00000001800137a0     c4_lane_departure.obj
 0002:000007a8       $unwind$c4_e_emlrt_marshallIn 00000001800137a8     c4_lane_departure.obj
 0002:000007b0       $unwind$c4_f_emlrt_marshallIn 00000001800137b0     c4_lane_departure.obj
 0002:000007b8       $unwind$c4_g_emlrt_marshallIn 00000001800137b8     c4_lane_departure.obj
 0002:000007c0       $unwind$c4_h_emlrt_marshallIn 00000001800137c0     c4_lane_departure.obj
 0002:000007c8       $unwind$c4_i_emlrt_marshallIn 00000001800137c8     c4_lane_departure.obj
 0002:000007d0       $unwind$c4_j_emlrt_marshallIn 00000001800137d0     c4_lane_departure.obj
 0002:000007d8       $unwind$sf_get_hover_data_for_msg 00000001800137d8     c4_lane_departure.obj
 0002:000007e0       $unwind$init_simulink_io_address 00000001800137e0     c4_lane_departure.obj
 0002:000007e8       $unwind$sf_c4_lane_departure_get_post_codegen_info 00000001800137e8     c4_lane_departure.obj
 0002:000007f0       $unwind$sf_c4_lane_departure_get_autoinheritance_info 00000001800137f0     c4_lane_departure.obj
 0002:00000800       $unwind$sf_c4_lane_departure_third_party_uses_info 0000000180013800     c4_lane_departure.obj
 0002:00000808       $unwind$sf_c4_lane_departure_jit_fallback_info 0000000180013808     c4_lane_departure.obj
 0002:00000818       $unwind$sf_c4_lane_departure_updateBuildInfo_args_info 0000000180013818     c4_lane_departure.obj
 0002:00000820       $unwind$sf_get_sim_state_info_c4_lane_departure 0000000180013820     c4_lane_departure.obj
 0002:00000828       $unwind$sf_check_dwork_consistency 0000000180013828     c4_lane_departure.obj
 0002:00000830       $unwind$sf_opaque_initialize_c4_lane_departure 0000000180013830     c4_lane_departure.obj
 0002:00000838       $unwind$sf_opaque_enable_c4_lane_departure 0000000180013838     c4_lane_departure.obj
 0002:00000840       $unwind$sf_opaque_disable_c4_lane_departure 0000000180013840     c4_lane_departure.obj
 0002:00000848       $unwind$sf_opaque_gateway_c4_lane_departure 0000000180013848     c4_lane_departure.obj
 0002:00000850       $unwind$sf_opaque_ext_mode_exec_c4_lane_departure 0000000180013850     c4_lane_departure.obj
 0002:00000858       $unwind$sf_opaque_get_sim_state_c4_lane_departure 0000000180013858     c4_lane_departure.obj
 0002:00000860       $unwind$sf_opaque_set_sim_state_c4_lane_departure 0000000180013860     c4_lane_departure.obj
 0002:00000868       $unwind$sf_opaque_terminate_c4_lane_departure 0000000180013868     c4_lane_departure.obj
 0002:00000870       $unwind$mdlProcessParameters_c4_lane_departure 0000000180013870     c4_lane_departure.obj
 0002:00000878       $unwind$sf_c4_lane_departure_get_testpoint_info 0000000180013878     c4_lane_departure.obj
 0002:00000880       $unwind$sf_set_sfun_dwork_info 0000000180013880     c4_lane_departure.obj
 0002:00000888       $unwind$mdlSetWorkWidths_c4_lane_departure 0000000180013888     c4_lane_departure.obj
 0002:00000890       $unwind$mdlRTW_c4_lane_departure 0000000180013890     c4_lane_departure.obj
 0002:00000898       $unwind$mdlStart_c4_lane_departure 0000000180013898     c4_lane_departure.obj
 0002:000008a0       $unwind$mexFunction        00000001800138a0     lane_departure_sfun_registry.obj
 0002:000008b0       $unwind$_ssSetInputPortDirectFeedThroughFcn 00000001800138b0     lane_departure_sfun_registry.obj
 0002:000008c0       $unwind$_ssGetInputPortSignalPtrsFcn 00000001800138c0     lane_departure_sfun_registry.obj
 0002:000008d0       $unwind$_ssGetInputPortSignalFcn 00000001800138d0     lane_departure_sfun_registry.obj
 0002:000008e0       $unwind$_ssSetInputPortReusableFcn 00000001800138e0     lane_departure_sfun_registry.obj
 0002:000008e8       $unwind$_ssSetOutputPortReusableFcn 00000001800138e8     lane_departure_sfun_registry.obj
 0002:000008f0       $unwind$_ssSetSymbolicDimsSupport 00000001800138f0     lane_departure_sfun_registry.obj
 0002:000008f8       $unwind$_ssRegisterSymbolicDimsExpr 00000001800138f8     lane_departure_sfun_registry.obj
 0002:00000900       $unwind$_ssRegisterSymbolicDims 0000000180013900     lane_departure_sfun_registry.obj
 0002:00000908       $unwind$_ssRegisterSymbolicDimsString 0000000180013908     lane_departure_sfun_registry.obj
 0002:00000910       $unwind$_ssRegisterSymbolicDimsIntValue 0000000180013910     lane_departure_sfun_registry.obj
 0002:00000918       $unwind$_ssRegisterSymbolicDimsPlus 0000000180013918     lane_departure_sfun_registry.obj
 0002:00000920       $unwind$_ssRegisterSymbolicDimsMinus 0000000180013920     lane_departure_sfun_registry.obj
 0002:00000928       $unwind$_ssRegisterSymbolicDimsMultiply 0000000180013928     lane_departure_sfun_registry.obj
 0002:00000930       $unwind$_ssRegisterSymbolicDimsDivide 0000000180013930     lane_departure_sfun_registry.obj
 0002:00000938       $unwind$_ssGetNumSymbolicDims 0000000180013938     lane_departure_sfun_registry.obj
 0002:00000940       $unwind$_ssGetSymbolicDim  0000000180013940     lane_departure_sfun_registry.obj
 0002:00000948       $unwind$_ssSetInputPortSymbolicDimsId 0000000180013948     lane_departure_sfun_registry.obj
 0002:00000950       $unwind$_ssGetCompInputPortSymbolicDimsId 0000000180013950     lane_departure_sfun_registry.obj
[...]
 0004:000000cc       $pdata$initialize_c4_lane_departure 000000018001b0cc     c4_lane_departure.obj
 0004:000000d8       $pdata$enable_c4_lane_departure 000000018001b0d8     c4_lane_departure.obj
 0004:000000e4       $pdata$disable_c4_lane_departure 000000018001b0e4     c4_lane_departure.obj
 0004:000000f0       $pdata$c4_update_debugger_state_c4_lane_departure 000000018001b0f0     c4_lane_departure.obj
 0004:000000fc       $pdata$ext_mode_exec_c4_lane_departure 000000018001b0fc     c4_lane_departure.obj
 0004:00000108       $pdata$get_sim_state_c4_lane_departure 000000018001b108     c4_lane_departure.obj
 0004:00000114       $pdata$set_sim_state_c4_lane_departure 000000018001b114     c4_lane_departure.obj
 0004:00000120       $pdata$finalize_c4_lane_departure 000000018001b120     c4_lane_departure.obj
 0004:0000012c       $pdata$sf_gateway_c4_lane_departure 000000018001b12c     c4_lane_departure.obj
 0004:00000138       $pdata$mdl_start_c4_lane_departure 000000018001b138     c4_lane_departure.obj
 0004:00000144       $pdata$c4_chartstep_c4_lane_departure 000000018001b144     c4_lane_departure.obj
 0004:00000150       $pdata$c4_sf_marshallOut   000000018001b150     c4_lane_departure.obj
 0004:0000015c       $pdata$c4_emlrt_marshallIn 000000018001b15c     c4_lane_departure.obj
 0004:00000168       $pdata$c4_b_emlrt_marshallIn 000000018001b168     c4_lane_departure.obj
 0004:00000174       $pdata$c4_sf_marshallIn    000000018001b174     c4_lane_departure.obj
 0004:00000180       $pdata$c4_b_sf_marshallOut 000000018001b180     c4_lane_departure.obj
 0004:0000018c       $pdata$c4_c_emlrt_marshallIn 000000018001b18c     c4_lane_departure.obj
 0004:00000198       $pdata$c4_b_sf_marshallIn  000000018001b198     c4_lane_departure.obj
 0004:000001a4       $pdata$c4_e_emlrt_marshallIn 000000018001b1a4     c4_lane_departure.obj
 0004:000001b0       $pdata$c4_f_emlrt_marshallIn 000000018001b1b0     c4_lane_departure.obj
 0004:000001bc       $pdata$c4_g_emlrt_marshallIn 000000018001b1bc     c4_lane_departure.obj
 0004:000001c8       $pdata$c4_h_emlrt_marshallIn 000000018001b1c8     c4_lane_departure.obj
 0004:000001d4       $pdata$c4_i_emlrt_marshallIn 000000018001b1d4     c4_lane_departure.obj
 0004:000001e0       $pdata$c4_j_emlrt_marshallIn 000000018001b1e0     c4_lane_departure.obj
 0004:000001ec       $pdata$sf_get_hover_data_for_msg 000000018001b1ec     c4_lane_departure.obj
 0004:000001f8       $pdata$init_simulink_io_address 000000018001b1f8     c4_lane_departure.obj
 0004:00000204       $pdata$sf_c4_lane_departure_get_post_codegen_info 000000018001b204     c4_lane_departure.obj
 0004:00000210       $pdata$sf_c4_lane_departure_get_autoinheritance_info 000000018001b210     c4_lane_departure.obj
 0004:0000021c       $pdata$sf_c4_lane_departure_third_party_uses_info 000000018001b21c     c4_lane_departure.obj
 0004:00000228       $pdata$sf_c4_lane_departure_jit_fallback_info 000000018001b228     c4_lane_departure.obj
 0004:00000234       $pdata$sf_c4_lane_departure_updateBuildInfo_args_info 000000018001b234     c4_lane_departure.obj
 0004:00000240       $pdata$sf_get_sim_state_info_c4_lane_departure 000000018001b240     c4_lane_departure.obj
 0004:0000024c       $pdata$sf_check_dwork_consistency 000000018001b24c     c4_lane_departure.obj
 0004:00000258       $pdata$sf_opaque_initialize_c4_lane_departure 000000018001b258     c4_lane_departure.obj
 0004:00000264       $pdata$sf_opaque_enable_c4_lane_departure 000000018001b264     c4_lane_departure.obj
 0004:00000270       $pdata$sf_opaque_disable_c4_lane_departure 000000018001b270     c4_lane_departure.obj
 0004:0000027c       $pdata$sf_opaque_gateway_c4_lane_departure 000000018001b27c     c4_lane_departure.obj
 0004:00000288       $pdata$sf_opaque_ext_mode_exec_c4_lane_departure 000000018001b288     c4_lane_departure.obj
 0004:00000294       $pdata$sf_opaque_get_sim_state_c4_lane_departure 000000018001b294     c4_lane_departure.obj
 0004:000002a0       $pdata$sf_opaque_set_sim_state_c4_lane_departure 000000018001b2a0     c4_lane_departure.obj
 0004:000002ac       $pdata$sf_opaque_terminate_c4_lane_departure 000000018001b2ac     c4_lane_departure.obj
 0004:000002b8       $pdata$mdlProcessParameters_c4_lane_departure 000000018001b2b8     c4_lane_departure.obj
 0004:000002c4       $pdata$sf_c4_lane_departure_get_testpoint_info 000000018001b2c4     c4_lane_departure.obj
 0004:000002d0       $pdata$sf_set_sfun_dwork_info 000000018001b2d0     c4_lane_departure.obj
 0004:000002dc       $pdata$mdlSetWorkWidths_c4_lane_departure 000000018001b2dc     c4_lane_departure.obj
 0004:000002e8       $pdata$mdlRTW_c4_lane_departure 000000018001b2e8     c4_lane_departure.obj
 0004:000002f4       $pdata$mdlStart_c4_lane_departure 000000018001b2f4     c4_lane_departure.obj
 0004:00000300       $pdata$mexFunction         000000018001b300     lane_departure_sfun_registry.obj
 0004:0000030c       $pdata$_ssSetInputPortDirectFeedThroughFcn 000000018001b30c     lane_departure_sfun_registry.obj
 0004:00000318       $pdata$_ssGetInputPortSignalPtrsFcn 000000018001b318     lane_departure_sfun_registry.obj
 0004:00000324       $pdata$_ssGetInputPortSignalFcn 000000018001b324     lane_departure_sfun_registry.obj
 0004:00000330       $pdata$_ssSetInputPortReusableFcn 000000018001b330     lane_departure_sfun_registry.obj
 0004:0000033c       $pdata$_ssSetOutputPortReusableFcn 000000018001b33c     lane_departure_sfun_registry.obj
 0004:00000348       $pdata$_ssSetSymbolicDimsSupport 000000018001b348     lane_departure_sfun_registry.obj
 0004:00000354       $pdata$_ssRegisterSymbolicDimsExpr 000000018001b354     lane_departure_sfun_registry.obj
 0004:00000360       $pdata$_ssRegisterSymbolicDims 000000018001b360     lane_departure_sfun_registry.obj
 0004:0000036c       $pdata$_ssRegisterSymbolicDimsString 000000018001b36c     lane_departure_sfun_registry.obj
 0004:00000378       $pdata$_ssRegisterSymbolicDimsIntValue 000000018001b378     lane_departure_sfun_registry.obj
 0004:00000384       $pdata$_ssRegisterSymbolicDimsPlus 000000018001b384     lane_departure_sfun_registry.obj
 0004:00000390       $pdata$_ssRegisterSymbolicDimsMinus 000000018001b390     lane_departure_sfun_registry.obj
 0004:0000039c       $pdata$_ssRegisterSymbolicDimsMultiply 000000018001b39c     lane_departure_sfun_registry.obj
 0004:000003a8       $pdata$_ssRegisterSymbolicDimsDivide 000000018001b3a8     lane_departure_sfun_registry.obj
 0004:000003b4       $pdata$_ssGetNumSymbolicDims 000000018001b3b4     lane_departure_sfun_registry.obj
 0004:000003c0       $pdata$_ssGetSymbolicDim   000000018001b3c0     lane_departure_sfun_registry.obj
 0004:000003cc       $pdata$_ssSetInputPortSymbolicDimsId 000000018001b3cc     lane_departure_sfun_registry.obj
 0004:000003d8       $pdata$_ssGetCompInputPortSymbolicDimsId 000000018001b3d8     lane_departure_sfun_registry.obj
 0004:000003e4       $pdata$_ssSetCompInputPortSymbolicDimsId 000000018001b3e4     lane_departure_sfun_registry.obj
 0004:000003f0       $pdata$_ssSetOutputPortSymbolicDimsId 000000018001b3f0     lane_departure_sfun_registry.obj
 0004:000003fc       $pdata$_ssGetCompOutputPortSymbolicDimsId 000000018001b3fc     lane_departure_sfun_registry.obj
 0004:00000408       $pdata$_ssSetCompOutputPortSymbolicDimsId 000000018001b408     lane_departure_sfun_registry.obj
 0004:00000414       $pdata$_ssSetCompDWorkSymbolicDimsId 000000018001b414     lane_departure_sfun_registry.obj
 0004:00000420       $pdata$ssGetIsZeroCrossControlDisabled 000000018001b420     lane_departure_sfun_registry.obj
 0004:0000042c       $pdata$ssSetIsInputPortUsedForContZcSignal 000000018001b42c     lane_departure_sfun_registry.obj
 0004:00000438       $pdata$ssSetZcSignalIsZcElementDisc 000000018001b438     lane_departure_sfun_registry.obj
 0004:00000444       $pdata$ssSetZcSignalName   000000018001b444     lane_departure_sfun_registry.obj
 0004:00000450       $pdata$ssSetZcSignalWidth  000000018001b450     lane_departure_sfun_registry.obj
 0004:0000045c       $pdata$ssSetZcSignalZcEventType 000000018001b45c     lane_departure_sfun_registry.obj
 0004:00000468       $pdata$ssSetZcSignalType   000000018001b468     lane_departure_sfun_registry.obj
 0004:00000474       $pdata$ssSetZcSignalZcTol  000000018001b474     lane_departure_sfun_registry.obj
 0004:00000480       $pdata$ssSetZcSignalNeedsEventNotification 000000018001b480     lane_departure_sfun_registry.obj
 0004:0000048c       $pdata$ssCreateAndAddZcSignalInfo 000000018001b48c     lane_departure_sfun_registry.obj
 0004:00000498       $pdata$ssCloneAndAddZcSignalInfo 000000018001b498     lane_departure_sfun_registry.obj
 0004:000004a4       $pdata$ssGetNumZcSignals   000000018001b4a4     lane_departure_sfun_registry.obj
 0004:000004b0       $pdata$ssGetZcSignalVector 000000018001b4b0     lane_departure_sfun_registry.obj
 0004:000004bc       $pdata$ssGetZcSignalName   000000018001b4bc     lane_departure_sfun_registry.obj
 0004:000004c8       $pdata$ssGetZcSignalWidth  000000018001b4c8     lane_departure_sfun_registry.obj
 0004:000004d4       $pdata$ssGetZcSignalZcEventType 000000018001b4d4     lane_departure_sfun_registry.obj
 0004:000004e0       $pdata$ssGetZcSignalZcEvents 000000018001b4e0     lane_departure_sfun_registry.obj
 0004:000004ec       $pdata$ssGetZcSignalType   000000018001b4ec     lane_departure_sfun_registry.obj
 0004:000004f8       $pdata$ssGetZcSignalZcTol  000000018001b4f8     lane_departure_sfun_registry.obj
 0004:00000504       $pdata$ssGetZcSignalNeedsEventNotification 000000018001b504     lane_departure_sfun_registry.obj
 0004:00000510       $pdata$ssGetZcSignalIsZcElementDisc 000000018001b510     lane_departure_sfun_registry.obj
 0004:0000051c       $pdata$ssGetIsInputPortElementContinuous 000000018001b51c     lane_departure_sfun_registry.obj
 0004:00000528       $pdata$_ssSetIWorkValueFcn 000000018001b528     lane_departure_sfun_registry.obj
 0004:00000534       $pdata$_ssGetIWorkValueFcn 000000018001b534     lane_departure_sfun_registry.obj
 0004:00000540       $pdata$_ssSetRWorkValueFcn 000000018001b540     lane_departure_sfun_registry.obj
 0004:0000054c       $pdata$_ssGetRWorkValueFcn 000000018001b54c     lane_departure_sfun_registry.obj
 0004:00000558       $pdata$_ssSetPWorkValueFcn 000000018001b558     lane_departure_sfun_registry.obj
 0004:00000564       $pdata$_ssGetPWorkValueFcn 000000018001b564     lane_departure_sfun_registry.obj
 0004:00000570       $pdata$ssGetDTypeIdFromMxArray 000000018001b570     lane_departure_sfun_registry.obj
 0004:0000057c       $pdata$ssWriteRTWStr       000000018001b57c     lane_departure_sfun_registry.obj
 0004:00000588       $pdata$ssWriteRTWNameValuePair 000000018001b588     lane_departure_sfun_registry.obj
 0004:00000594       $pdata$ssWriteRTWParamSettings 000000018001b594     lane_departure_sfun_registry.obj
 0004:000005a0       $pdata$ssWriteRTWParameters 000000018001b5a0     lane_departure_sfun_registry.obj
 0004:000005ac       $pdata$ssWriteRTWWorkVect  000000018001b5ac     lane_departure_sfun_registry.obj
 0004:000005b8       $pdata$ssWriteRTWMxVectParam 000000018001b5b8     lane_departure_sfun_registry.obj
 0004:000005c4       $pdata$ssWriteRTWMx2dMatParam 000000018001b5c4     lane_departure_sfun_registry.obj
 0004:000005d0       $pdata$_ssSetInputPortMatrixDimensions 000000018001b5d0     lane_departure_sfun_registry.obj
 0004:000005dc       $pdata$_ssSetOutputPortMatrixDimensions 000000018001b5dc     lane_departure_sfun_registry.obj
 0004:000005e8       $pdata$_ssSetInputPortVectorDimension 000000018001b5e8     lane_departure_sfun_registry.obj
 0004:000005f4       $pdata$_ssSetOutputPortVectorDimension 000000018001b5f4     lane_departure_sfun_registry.obj
 0004:00000600       $pdata$ssIsRunTimeParamTunable 000000018001b600     lane_departure_sfun_registry.obj
 0004:0000060c       $pdata$ssGetSFuncBlockHandle 000000018001b60c     lane_departure_sfun_registry.obj
 0004:00000618       $pdata$_ssGetCurrentInputPortWidth 000000018001b618     lane_departure_sfun_registry.obj
 0004:00000624       $pdata$_ssGetCurrentOutputPortWidth 000000018001b624     lane_departure_sfun_registry.obj
 0004:00000630       $pdata$_ssGetCallSystemNumFcnCallDestinations 000000018001b630     lane_departure_sfun_registry.obj
 0004:0000063c       $pdata$ssGetParameterTuningCompliance 000000018001b63c     lane_departure_sfun_registry.obj
 0004:00000648       $pdata$ssWarning           000000018001b648     lane_departure_sfun_registry.obj
 0004:00000654       $pdata$_ssGetAbsTol        000000018001b654     lane_departure_sfun_registry.obj
 0004:00000660       $pdata$sf_process_check_sum_call 000000018001b660     lane_departure_sfun_registry.obj
 0004:0000066c       $pdata$sf_process_testpoint_info_call 000000018001b66c     lane_departure_sfun_registry.obj
 0004:00000678       $pdata$sf_process_autoinheritance_call 000000018001b678     lane_departure_sfun_registry.obj
 0004:00000684       $pdata$sf_process_get_third_party_uses_info_call 000000018001b684     lane_departure_sfun_registry.obj
 0004:00000690       $pdata$sf_process_get_jit_fallback_info_call 000000018001b690     lane_departure_sfun_registry.obj
 0004:0000069c       $pdata$sf_process_get_updateBuildInfo_args_info_call 000000018001b69c     lane_departure_sfun_registry.obj
 0004:000006a8       $pdata$sf_process_get_eml_resolved_functions_info_call 000000018001b6a8     lane_departure_sfun_registry.obj
 0004:000006b4       $pdata$sf_mex_unlock_call  000000018001b6b4     lane_departure_sfun_registry.obj
 0004:000006c0       $pdata$sf_debug_api_wrapper 000000018001b6c0     lane_departure_sfun_registry.obj
 0004:000006cc       $pdata$ProcessMexSfunctionCmdLineCall 000000018001b6cc     lane_departure_sfun_registry.obj
 0004:000006d8       $pdata$sf_machine_global_initializer_called 000000018001b6d8     lane_departure_sfun_registry.obj
 0004:000006e4       $pdata$sf_machine_global_method_dispatcher 000000018001b6e4     lane_departure_sfun_registry.obj
 0004:000006f0       $pdata$sf_machine_global_terminator 000000018001b6f0     lane_departure_sfun_registry.obj
 0004:000006fc       $pdata$sf_register_machine_exported_symbols 000000018001b6fc     lane_departure_sfun_registry.obj
 0004:00000708       $pdata$sf_machine_global_initializer 000000018001b708     lane_departure_sfun_registry.obj
 0004:00000714       $pdata$mdlGetSimState      000000018001b714     lane_departure_sfun_registry.obj
 0004:00000720       $pdata$mdlSetSimState      000000018001b720     lane_departure_sfun_registry.obj
 0004:0000072c       $pdata$mdlSetWorkWidths    000000018001b72c     lane_departure_sfun_registry.obj
 0004:00000738       $pdata$mdlProcessParameters 000000018001b738     lane_departure_sfun_registry.obj
 0004:00000744       $pdata$mdl_start_processing 000000018001b744     lane_departure_sfun_registry.obj
 0004:00000750       $pdata$mdl_terminate_processing 000000018001b750     lane_departure_sfun_registry.obj
 0004:0000075c       $pdata$mdlStart            000000018001b75c     lane_departure_sfun_registry.obj
 0004:00000768       $pdata$mdlTerminate        000000018001b768     lane_departure_sfun_registry.obj
 0004:00000774       $pdata$mdlInitializeSizes  000000018001b774     lane_departure_sfun_registry.obj
 0004:00000780       $pdata$mdlInitializeSampleTimes 000000018001b780     lane_departure_sfun_registry.obj
 0004:0000078c       $pdata$mdl_outputs_continuous_legacy 000000018001b78c     lane_departure_sfun_registry.obj
 0004:00000798       $pdata$mdl_outputs_processing 000000018001b798     lane_departure_sfun_registry.obj
 0004:000007a4       $pdata$mdl_zeroCrossings_processing 000000018001b7a4     lane_departure_sfun_registry.obj
 0004:000007b0       $pdata$mdlZeroCrossings    000000018001b7b0     lane_departure_sfun_registry.obj
 0004:000007bc       $pdata$mdl_derivatives_processing 000000018001b7bc     lane_departure_sfun_registry.obj
 0004:000007c8       $pdata$mdlDerivatives      000000018001b7c8     lane_departure_sfun_registry.obj
 0004:000007d4       $pdata$mdl_initialize_conditions_processing 000000018001b7d4     lane_departure_sfun_registry.obj
 0004:000007e0       $pdata$mdlInitializeConditions 000000018001b7e0     lane_departure_sfun_registry.obj
 0004:000007ec       $pdata$mdl_ext_mode_exec_processing 000000018001b7ec     lane_departure_sfun_registry.obj
 0004:000007f8       $pdata$mdlExtModeExec      000000018001b7f8     lane_departure_sfun_registry.obj
 0004:00000804       $pdata$mdlRTW              000000018001b804     lane_departure_sfun_registry.obj
 0004:00000810       $pdata$mdl_enable_processing 000000018001b810     lane_departure_sfun_registry.obj
 0004:0000081c       $pdata$mdlEnable           000000018001b81c     lane_departure_sfun_registry.obj
 0004:00000828       $pdata$mdl_disable_processing 000000018001b828     lane_departure_sfun_registry.obj
 0004:00000834       $pdata$mdlDisable          000000018001b834     lane_departure_sfun_registry.obj
 0004:00000840       $pdata$mdlOutputs          000000018001b840     lane_departure_sfun_registry.obj
 0004:0000084c       $pdata$mdl_update_processing 000000018001b84c     lane_departure_sfun_registry.obj
 0004:00000858       $pdata$mdlUpdate           000000018001b858     lane_departure_sfun_registry.obj
 0004:00000864       $pdata$ProcessMexSfunctionEveryCall 000000018001b864     lane_departure_sfun_registry.obj
 0004:00000870       $pdata$_RegNumInputPortsCB 000000018001b870     lane_departure_sfun_registry.obj
 0004:0000087c       $pdata$_RegNumOutputPortsCB 000000018001b87c     lane_departure_sfun_registry.obj
 0004:00000888       $pdata$_CreateSimStruct    000000018001b888     lane_departure_sfun_registry.obj
 0004:00000894       $pdata$_ProcessMexSfunctionCmdLineCall 000000018001b894     lane_departure_sfun_registry.obj
 0004:000008a0       $pdata$ReportIndexOutOfBoundsError 000000018001b8a0     lane_departure_sfun_registry.obj
 0004:000008ac       $pdata$__raise_securityfailure 000000018001b8ac     MSVCRT:gs_report.obj
 0004:000008b8       $pdata$__report_gsfailure  000000018001b8b8     MSVCRT:gs_report.obj
 0004:000008c4       $pdata$__report_rangecheckfailure 000000018001b8c4     MSVCRT:gs_report.obj
 0004:000008d0       $pdata$__report_securityfailure 000000018001b8d0     MSVCRT:gs_report.obj
 0004:000008dc       $pdata$__report_securityfailureEx 000000018001b8dc     MSVCRT:gs_report.obj
 0004:000008e8       $pdata$__GSHandlerCheck    000000018001b8e8     MSVCRT:gshandler.obj
 0004:000008f4       $pdata$__GSHandlerCheckCommon 000000018001b8f4     MSVCRT:gshandler.obj
 0004:0000090c       $pdata$pre_c_init          000000018001b90c     MSVCRT:crtdll.obj
 0004:00000918       $pdata$_CRT_INIT           000000018001b918     MSVCRT:crtdll.obj
 0004:00000924       $pdata$_DllMainCRTStartup  000000018001b924     MSVCRT:crtdll.obj
 0004:00000930       $pdata$__DllMainCRTStartup 000000018001b930     MSVCRT:crtdll.obj
 0004:0000093c       $pdata$_IsNonwritableInCurrentImage 000000018001b93c     MSVCRT:pesect.obj
 0004:00000948       $pdata$__atonexitinit      000000018001b948     MSVCRT:atonexit.obj
 0004:00000954       $pdata$_onexit             000000018001b954     MSVCRT:atonexit.obj
 0004:00000960       $pdata$atexit              000000018001b960     MSVCRT:atonexit.obj
 0004:0000096c       $pdata$__security_init_cookie 000000018001b96c     MSVCRT:gs_support.obj
 0004:00000978       $pdata$DllMain             000000018001b978     MSVCRT:dllmain.obj
 0004:00000984       $pdata$_RTC_Initialize     000000018001b984     MSVCRT:initsect.obj
 0004:00000990       $pdata$_RTC_Terminate      000000018001b990     MSVCRT:initsect.obj
 0004:0000099c       $pdata$__DllMainCRTStartup$filt$0 000000018001b99c     MSVCRT:crtdll.obj
 0004:000009a8       $pdata$__DllMainCRTStartup$fin$1 000000018001b9a8     MSVCRT:crtdll.obj
 0004:000009b4       $pdata$_IsNonwritableInCurrentImage$filt$0 000000018001b9b4     MSVCRT:pesect.obj
 0004:000009c0       $pdata$_onexit$fin$0       000000018001b9c0     MSVCRT:atonexit.obj
